Component: ARM Compiler 5.05 update 1 (build 106) Tool: armlink [4d0efa]

==============================================================================

Section Cross References

    startup_stm32f10x_hd.o(RESET) refers to startup_stm32f10x_hd.o(STACK) for __initial_sp
    startup_stm32f10x_hd.o(RESET) refers to startup_stm32f10x_hd.o(.text) for Reset_Handler
    startup_stm32f10x_hd.o(RESET) refers to stm32f10x_it.o(i.NMI_Handler) for NMI_Handler
    startup_stm32f10x_hd.o(RESET) refers to stm32f10x_it.o(i.HardFault_Handler) for HardFault_Handler
    startup_stm32f10x_hd.o(RESET) refers to stm32f10x_it.o(i.MemManage_Handler) for MemManage_Handler
    startup_stm32f10x_hd.o(RESET) refers to stm32f10x_it.o(i.BusFault_Handler) for BusFault_Handler
    startup_stm32f10x_hd.o(RESET) refers to stm32f10x_it.o(i.UsageFault_Handler) for UsageFault_Handler
    startup_stm32f10x_hd.o(RESET) refers to stm32f10x_it.o(i.SVC_Handler) for SVC_Handler
    startup_stm32f10x_hd.o(RESET) refers to stm32f10x_it.o(i.DebugMon_Handler) for DebugMon_Handler
    startup_stm32f10x_hd.o(RESET) refers to stm32f10x_it.o(i.PendSV_Handler) for PendSV_Handler
    startup_stm32f10x_hd.o(RESET) refers to stm32f10x_it.o(i.SysTick_Handler) for SysTick_Handler
    startup_stm32f10x_hd.o(RESET) refers to main.o(i.TIM2_IRQHandler) for TIM2_IRQHandler
    startup_stm32f10x_hd.o(RESET) refers to encode.o(i.TIM4_IRQHandler) for TIM4_IRQHandler
    startup_stm32f10x_hd.o(RESET) refers to stm32f10x_it.o(i.USART1_IRQHandler) for USART1_IRQHandler
    startup_stm32f10x_hd.o(.text) refers to system_stm32f10x.o(i.SystemInit) for SystemInit
    startup_stm32f10x_hd.o(.text) refers to entry.o(.ARM.Collect$$$$00000000) for __main
    system_stm32f10x.o(i.SetSysClock) refers to system_stm32f10x.o(i.SetSysClockTo72) for SetSysClockTo72
    system_stm32f10x.o(i.SystemCoreClockUpdate) refers to system_stm32f10x.o(.data) for SystemCoreClock
    system_stm32f10x.o(i.SystemInit) refers to system_stm32f10x.o(i.SetSysClock) for SetSysClock
    stm32f10x_adc.o(i.ADC_DeInit) refers to stm32f10x_rcc.o(i.RCC_APB2PeriphResetCmd) for RCC_APB2PeriphResetCmd
    stm32f10x_bkp.o(i.BKP_DeInit) refers to stm32f10x_rcc.o(i.RCC_BackupResetCmd) for RCC_BackupResetCmd
    stm32f10x_can.o(i.CAN_DeInit) refers to stm32f10x_rcc.o(i.RCC_APB1PeriphResetCmd) for RCC_APB1PeriphResetCmd
    stm32f10x_can.o(i.CAN_GetITStatus) refers to stm32f10x_can.o(i.CheckITStatus) for CheckITStatus
    stm32f10x_cec.o(i.CEC_DeInit) refers to stm32f10x_rcc.o(i.RCC_APB1PeriphResetCmd) for RCC_APB1PeriphResetCmd
    stm32f10x_dac.o(i.DAC_DeInit) refers to stm32f10x_rcc.o(i.RCC_APB1PeriphResetCmd) for RCC_APB1PeriphResetCmd
    stm32f10x_flash.o(i.FLASH_EnableWriteProtection) refers to stm32f10x_flash.o(i.FLASH_WaitForLastOperation) for FLASH_WaitForLastOperation
    stm32f10x_flash.o(i.FLASH_EraseAllBank1Pages) refers to stm32f10x_flash.o(i.FLASH_WaitForLastBank1Operation) for FLASH_WaitForLastBank1Operation
    stm32f10x_flash.o(i.FLASH_EraseAllPages) refers to stm32f10x_flash.o(i.FLASH_WaitForLastOperation) for FLASH_WaitForLastOperation
    stm32f10x_flash.o(i.FLASH_EraseOptionBytes) refers to stm32f10x_flash.o(i.FLASH_GetReadOutProtectionStatus) for FLASH_GetReadOutProtectionStatus
    stm32f10x_flash.o(i.FLASH_EraseOptionBytes) refers to stm32f10x_flash.o(i.FLASH_WaitForLastOperation) for FLASH_WaitForLastOperation
    stm32f10x_flash.o(i.FLASH_ErasePage) refers to stm32f10x_flash.o(i.FLASH_WaitForLastOperation) for FLASH_WaitForLastOperation
    stm32f10x_flash.o(i.FLASH_ProgramHalfWord) refers to stm32f10x_flash.o(i.FLASH_WaitForLastOperation) for FLASH_WaitForLastOperation
    stm32f10x_flash.o(i.FLASH_ProgramOptionByteData) refers to stm32f10x_flash.o(i.FLASH_WaitForLastOperation) for FLASH_WaitForLastOperation
    stm32f10x_flash.o(i.FLASH_ProgramWord) refers to stm32f10x_flash.o(i.FLASH_WaitForLastOperation) for FLASH_WaitForLastOperation
    stm32f10x_flash.o(i.FLASH_ReadOutProtection) refers to stm32f10x_flash.o(i.FLASH_WaitForLastOperation) for FLASH_WaitForLastOperation
    stm32f10x_flash.o(i.FLASH_UserOptionByteConfig) refers to stm32f10x_flash.o(i.FLASH_WaitForLastOperation) for FLASH_WaitForLastOperation
    stm32f10x_flash.o(i.FLASH_WaitForLastBank1Operation) refers to stm32f10x_flash.o(i.FLASH_GetBank1Status) for FLASH_GetBank1Status
    stm32f10x_flash.o(i.FLASH_WaitForLastOperation) refers to stm32f10x_flash.o(i.FLASH_GetBank1Status) for FLASH_GetBank1Status
    stm32f10x_gpio.o(i.GPIO_AFIODeInit) refers to stm32f10x_rcc.o(i.RCC_APB2PeriphResetCmd) for RCC_APB2PeriphResetCmd
    stm32f10x_gpio.o(i.GPIO_DeInit) refers to stm32f10x_rcc.o(i.RCC_APB2PeriphResetCmd) for RCC_APB2PeriphResetCmd
    stm32f10x_i2c.o(i.I2C_DeInit) refers to stm32f10x_rcc.o(i.RCC_APB1PeriphResetCmd) for RCC_APB1PeriphResetCmd
    stm32f10x_i2c.o(i.I2C_Init) refers to stm32f10x_rcc.o(i.RCC_GetClocksFreq) for RCC_GetClocksFreq
[...]
    ../clib/microlib/init/entry.s            0x00000000   Number         0  entry5.o ABSOLUTE
    ../clib/microlib/init/entry.s            0x00000000   Number         0  entry2.o ABSOLUTE
    ../clib/microlib/init/entry.s            0x00000000   Number         0  entry10a.o ABSOLUTE
    ../clib/microlib/init/entry.s            0x00000000   Number         0  entry8a.o ABSOLUTE
    ../clib/microlib/longlong.c              0x00000000   Number         0  llsshr.o ABSOLUTE
    ../clib/microlib/longlong.c              0x00000000   Number         0  llushr.o ABSOLUTE
    ../clib/microlib/longlong.c              0x00000000   Number         0  llshl.o ABSOLUTE
    ../clib/microlib/printf/printf.c         0x00000000   Number         0  printf7.o ABSOLUTE
    ../clib/microlib/printf/printf.c         0x00000000   Number         0  printf8.o ABSOLUTE
    ../clib/microlib/printf/printf.c         0x00000000   Number         0  printfa.o ABSOLUTE
    ../clib/microlib/printf/printf.c         0x00000000   Number         0  printf6.o ABSOLUTE
    ../clib/microlib/printf/printf.c         0x00000000   Number         0  printf4.o ABSOLUTE
    ../clib/microlib/printf/printf.c         0x00000000   Number         0  printf3.o ABSOLUTE
    ../clib/microlib/printf/printf.c         0x00000000   Number         0  printf2.o ABSOLUTE
    ../clib/microlib/printf/printf.c         0x00000000   Number         0  printf0.o ABSOLUTE
    ../clib/microlib/printf/printf.c         0x00000000   Number         0  printf1.o ABSOLUTE
    ../clib/microlib/printf/printf.c         0x00000000   Number         0  printfb.o ABSOLUTE
    ../clib/microlib/printf/printf.c         0x00000000   Number         0  printf5.o ABSOLUTE
    ../clib/microlib/printf/stubs.s          0x00000000   Number         0  stubs.o ABSOLUTE
    ../clib/microlib/stdio/streams.c         0x00000000   Number         0  stdout.o ABSOLUTE
    ../clib/microlib/string/strlen.c         0x00000000   Number         0  strlen.o ABSOLUTE
    ../clib/microlib/stubs.s                 0x00000000   Number         0  iusefp.o ABSOLUTE
    ../fplib/microlib/d2f.c                  0x00000000   Number         0  d2f.o ABSOLUTE
    ../fplib/microlib/f2d.c                  0x00000000   Number         0  f2d.o ABSOLUTE
    ../fplib/microlib/fpadd.c                0x00000000   Number         0  fadd.o ABSOLUTE
    ../fplib/microlib/fpadd.c                0x00000000   Number         0  dadd.o ABSOLUTE
    ../fplib/microlib/fpdiv.c                0x00000000   Number         0  ddiv.o ABSOLUTE
    ../fplib/microlib/fpdiv.c                0x00000000   Number         0  fdiv.o ABSOLUTE
    ../fplib/microlib/fpepilogue.c           0x00000000   Number         0  depilogue.o ABSOLUTE
    ../fplib/microlib/fpepilogue.c           0x00000000   Number         0  fepilogue.o ABSOLUTE
    ../fplib/microlib/fpfix.c                0x00000000   Number         0  dfixi.o ABSOLUTE
    ../fplib/microlib/fpfix.c                0x00000000   Number         0  ffixi.o ABSOLUTE
    ../fplib/microlib/fpfix.c                0x00000000   Number         0  ffixui.o ABSOLUTE
    ../fplib/microlib/fpfix.c                0x00000000   Number         0  dfixul.o ABSOLUTE
    ../fplib/microlib/fpflt.c                0x00000000   Number         0  dfltui.o ABSOLUTE
    ../fplib/microlib/fpflt.c                0x00000000   Number         0  dflti.o ABSOLUTE
    ../fplib/microlib/fpflt.c                0x00000000   Number         0  fflti.o ABSOLUTE
    ../fplib/microlib/fpflt.c                0x00000000   Number         0  ffltui.o ABSOLUTE
    ../fplib/microlib/fpmul.c                0x00000000   Number         0  fmul.o ABSOLUTE
    ../fplib/microlib/fpmul.c                0x00000000   Number         0  dmul.o ABSOLUTE
    ../fplib/microlib/fpscalb.c              0x00000000   Number         0  dscalb.o ABSOLUTE
    ../fplib/microlib/fpsqrt.c               0x00000000   Number         0  dsqrt.o ABSOLUTE
    ../mathlib/dunder.c                      0x00000000   Number         0  dunder.o ABSOLUTE
    ../mathlib/fpclassify.c                  0x00000000   Number         0  fpclassify.o ABSOLUTE
    ../mathlib/poly.c                        0x00000000   Number         0  poly.o ABSOLUTE
    ../mathlib/pow.c                         0x00000000   Number         0  pow.o ABSOLUTE
    ../mathlib/pow.c                         0x00000000   Number         0  pow_x.o ABSOLUTE
    ../mathlib/qnan.c                        0x00000000   Number         0  qnan.o ABSOLUTE
    ../mathlib/sqrt.c                        0x00000000   Number         0  sqrt.o ABSOLUTE
    ../mathlib/sqrt.c                        0x00000000   Number         0  sqrt_x.o ABSOLUTE
    ..\..\Libraries\CMSIS\core_cm3.c         0x00000000   Number         0  core_cm3.o ABSOLUTE
    ..\..\Libraries\CMSIS\startup\startup_stm32f10x_hd.s 0x00000000   Number         0  startup_stm32f10x_hd.o ABSOLUTE
    ..\..\Libraries\CMSIS\system_stm32f10x.c 0x00000000   Number         0  system_stm32f10x.o ABSOLUTE
    ..\..\Libraries\FWlib\src\misc.c         0x00000000   Number         0  misc.o ABSOLUTE
    ..\..\Libraries\FWlib\src\stm32f10x_adc.c 0x00000000   Number         0  stm32f10x_adc.o ABSOLUTE
    ..\..\Libraries\FWlib\src\stm32f10x_bkp.c 0x00000000   Number         0  stm32f10x_bkp.o ABSOLUTE
    ..\..\Libraries\FWlib\src\stm32f10x_can.c 0x00000000   Number         0  stm32f10x_can.o ABSOLUTE
    ..\..\Libraries\FWlib\src\stm32f10x_cec.c 0x00000000   Number         0  stm32f10x_cec.o ABSOLUTE
    ..\..\Libraries\FWlib\src\stm32f10x_crc.c 0x00000000   Number         0  stm32f10x_crc.o ABSOLUTE
    ..\..\Libraries\FWlib\src\stm32f10x_dac.c 0x00000000   Number         0  stm32f10x_dac.o ABSOLUTE
    ..\..\Libraries\FWlib\src\stm32f10x_dbgmcu.c 0x00000000   Number         0  stm32f10x_dbgmcu.o ABSOLUTE
    ..\..\Libraries\FWlib\src\stm32f10x_dma.c 0x00000000   Number         0  stm32f10x_dma.o ABSOLUTE
    ..\..\Libraries\FWlib\src\stm32f10x_exti.c 0x00000000   Number         0  stm32f10x_exti.o ABSOLUTE
    ..\..\Libraries\FWlib\src\stm32f10x_flash.c 0x00000000   Number         0  stm32f10x_flash.o ABSOLUTE
    ..\..\Libraries\FWlib\src\stm32f10x_fsmc.c 0x00000000   Number         0  stm32f10x_fsmc.o ABSOLUTE
    ..\..\Libraries\FWlib\src\stm32f10x_gpio.c 0x00000000   Number         0  stm32f10x_gpio.o ABSOLUTE
    ..\..\Libraries\FWlib\src\stm32f10x_i2c.c 0x00000000   Number         0  stm32f10x_i2c.o ABSOLUTE
    ..\..\Libraries\FWlib\src\stm32f10x_iwdg.c 0x00000000   Number         0  stm32f10x_iwdg.o ABSOLUTE
    ..\..\Libraries\FWlib\src\stm32f10x_pwr.c 0x00000000   Number         0  stm32f10x_pwr.o ABSOLUTE
    ..\..\Libraries\FWlib\src\stm32f10x_rcc.c 0x00000000   Number         0  stm32f10x_rcc.o ABSOLUTE
    ..\..\Libraries\FWlib\src\stm32f10x_rtc.c 0x00000000   Number         0  stm32f10x_rtc.o ABSOLUTE
    ..\..\Libraries\FWlib\src\stm32f10x_sdio.c 0x00000000   Number         0  stm32f10x_sdio.o ABSOLUTE
    ..\..\Libraries\FWlib\src\stm32f10x_spi.c 0x00000000   Number         0  stm32f10x_spi.o ABSOLUTE
    ..\..\Libraries\FWlib\src\stm32f10x_tim.c 0x00000000   Number         0  stm32f10x_tim.o ABSOLUTE
    ..\..\Libraries\FWlib\src\stm32f10x_usart.c 0x00000000   Number         0  stm32f10x_usart.o ABSOLUTE
    ..\..\Libraries\FWlib\src\stm32f10x_wwdg.c 0x00000000   Number         0  stm32f10x_wwdg.o ABSOLUTE
    ..\..\User\KeyScan.c                     0x00000000   Number         0  keyscan.o ABSOLUTE
    ..\..\User\LCD1602\lcd1602.c             0x00000000   Number         0  lcd1602.o ABSOLUTE
    ..\..\User\Led\bsp_led.c                 0x00000000   Number         0  bsp_led.o ABSOLUTE
    ..\..\User\PwmOutput\bsp_pwm_output.c    0x00000000   Number         0  bsp_pwm_output.o ABSOLUTE
    ..\..\User\SysTick\bsp_SysTick.c         0x00000000   Number         0  bsp_systick.o ABSOLUTE
    ..\..\User\adc.c                         0x00000000   Number         0  adc.o ABSOLUTE
    ..\..\User\balance\balance.c             0x00000000   Number         0  balance.o ABSOLUTE
    ..\..\User\bsp_i2c.c                     0x00000000   Number         0  bsp_i2c.o ABSOLUTE
    ..\..\User\bsp_usart1.c                  0x00000000   Number         0  bsp_usart1.o ABSOLUTE
    ..\..\User\bsp_usart2.c                  0x00000000   Number         0  bsp_usart2.o ABSOLUTE
    ..\..\User\delay\delay.c                 0x00000000   Number         0  delay.o ABSOLUTE
    ..\..\User\encode.c                      0x00000000   Number         0  encode.o ABSOLUTE
    ..\..\User\key\key.c                     0x00000000   Number         0  key.o ABSOLUTE
    ..\..\User\main.c                        0x00000000   Number         0  main.o ABSOLUTE
    ..\..\User\mpu6050.c                     0x00000000   Number         0  mpu6050.o ABSOLUTE
    ..\..\User\stm32f10x_it.c                0x00000000   Number         0  stm32f10x_it.o ABSOLUTE
    ..\..\User\stm_flash.c                   0x00000000   Number         0  stm_flash.o ABSOLUTE
    ..\..\User\sys\sys.c                     0x00000000   Number         0  sys.o ABSOLUTE
    ..\\..\\Libraries\\CMSIS\\core_cm3.c     0x00000000   Number         0  core_cm3.o ABSOLUTE
    ..\\..\\User\\sys\\sys.c                 0x00000000   Number         0  sys.o ABSOLUTE
    cdcmple.s                                0x00000000   Number         0  cdcmple.o ABSOLUTE
    cdrcmple.s                               0x00000000   Number         0  cdrcmple.o ABSOLUTE
    cfcmple.s                                0x00000000   Number         0  cfcmple.o ABSOLUTE
    cfrcmple.s                               0x00000000   Number         0  cfrcmple.o ABSOLUTE
    dc.s                                     0x00000000   Number         0  dc.o ABSOLUTE
    handlers.s                               0x00000000   Number         0  handlers.o ABSOLUTE
    init.s                                   0x00000000   Number         0  init.o ABSOLUTE
    RESET                                    0x08000000   Section      304  startup_stm32f10x_hd.o(RESET)
    .ARM.Collect$$$$00000000                 0x08000130   Section        0  entry.o(.ARM.Collect$$$$00000000)
    .ARM.Collect$$$$00000001                 0x08000130   Section        4  entry2.o(.ARM.Collect$$$$00000001)
    .ARM.Collect$$$$00000004                 0x08000134   Section        4  entry5.o(.ARM.Collect$$$$00000004)
    .ARM.Collect$$$$00000008                 0x08000138   Section        0  entry7b.o(.ARM.Collect$$$$00000008)
    .ARM.Collect$$$$0000000A                 0x08000138   Section        0  entry8b.o(.ARM.Collect$$$$0000000A)
    .ARM.Collect$$$$0000000B                 0x08000138   Section        8  entry9a.o(.ARM.Collect$$$$0000000B)
    .ARM.Collect$$$$0000000D                 0x08000140   Section        0  entry10a.o(.ARM.Collect$$$$0000000D)
    .ARM.Collect$$$$0000000F                 0x08000140   Section        0  entry11a.o(.ARM.Collect$$$$0000000F)
    .ARM.Collect$$$$00002712                 0x08000140   Section        4  entry2.o(.ARM.Collect$$$$00002712)
    __lit__00000000                          0x08000140   Data           4  entry2.o(.ARM.Collect$$$$00002712)
    .text                                    0x08000144   Section       36  startup_stm32f10x_hd.o(.text)
    .text                                    0x08000168   Section        0  strlen.o(.text)
    .text                                    0x08000176   Section        0  fadd.o(.text)
    .text                                    0x08000226   Section        0  fmul.o(.text)
    .text                                    0x0800028a   Section        0  fdiv.o(.text)
    .text                                    0x08000306   Section        0  dadd.o(.text)
    .text                                    0x08000454   Section        0  dmul.o(.text)
    .text                                    0x08000538   Section        0  ddiv.o(.text)
    .text                                    0x08000616   Section        0  fflti.o(.text)
    .text                                    0x08000628   Section        0  ffltui.o(.text)
    .text                                    0x08000632   Section        0  dflti.o(.text)
    .text                                    0x08000654   Section        0  dfltui.o(.text)
    .text                                    0x0800066e   Section        0  ffixi.o(.text)
    .text                                    0x080006a0   Section        0  ffixui.o(.text)
    .text                                    0x080006c8   Section        0  f2d.o(.text)
    .text                                    0x080006ee   Section        0  d2f.o(.text)
    .text                                    0x08000728   Section       20  cfcmple.o(.text)
    .text                                    0x0800073c   Section       20  cfrcmple.o(.text)
    .text                                    0x08000750   Section        0  llshl.o(.text)
    .text                                    0x0800076e   Section        0  llushr.o(.text)
    .text                                    0x0800078e   Section        0  llsshr.o(.text)
    .text                                    0x080007b2   Section        0  fepilogue.o(.text)
    .text                                    0x080007b2   Section        0  iusefp.o(.text)
    .text                                    0x08000820   Section        0  depilogue.o(.text)
    .text                                    0x080008da   Section        0  dscalb.o(.text)
    .text                                    0x08000908   Section       48  cdrcmple.o(.text)
    .text                                    0x08000938   Section       36  init.o(.text)
    .text                                    0x0800095c   Section        0  dsqrt.o(.text)
    .text                                    0x080009fe   Section        0  __dczerorl2.o(.text)
    i.ADC_Cmd                                0x08000a54   Section        0  stm32f10x_adc.o(i.ADC_Cmd)
    i.ADC_DeInit                             0x08000a6c   Section        0  stm32f10x_adc.o(i.ADC_DeInit)
    i.ADC_GetCalibrationStatus               0x08000ac8   Section        0  stm32f10x_adc.o(i.ADC_GetCalibrationStatus)
    i.ADC_GetConversionValue                 0x08000adc   Section        0  stm32f10x_adc.o(i.ADC_GetConversionValue)
    i.ADC_GetFlagStatus                      0x08000ae4   Section        0  stm32f10x_adc.o(i.ADC_GetFlagStatus)
    i.ADC_GetResetCalibrationStatus          0x08000af6   Section        0  stm32f10x_adc.o(i.ADC_GetResetCalibrationStatus)
    i.ADC_Init                               0x08000b0c   Section        0  stm32f10x_adc.o(i.ADC_Init)
    i.ADC_RegularChannelConfig               0x08000b5c   Section        0  stm32f10x_adc.o(i.ADC_RegularChannelConfig)
    i.ADC_ResetCalibration                   0x08000c14   Section        0  stm32f10x_adc.o(i.ADC_ResetCalibration)
    i.ADC_SoftwareStartConvCmd               0x08000c1e   Section        0  stm32f10x_adc.o(i.ADC_SoftwareStartConvCmd)
    i.ADC_StartCalibration                   0x08000c34   Section        0  stm32f10x_adc.o(i.ADC_StartCalibration)
    i.Adc_Init                               0x08000c40   Section        0  adc.o(i.Adc_Init)
    i.BusFault_Handler                       0x08000ccc   Section        0  stm32f10x_it.o(i.BusFault_Handler)
    i.DMA_Cmd                                0x08000cd0   Section        0  stm32f10x_dma.o(i.DMA_Cmd)
    i.DMA_DeInit                             0x08000ce8   Section        0  stm32f10x_dma.o(i.DMA_DeInit)
    i.DMA_GetCurrDataCounter                 0x08000e34   Section        0  stm32f10x_dma.o(i.DMA_GetCurrDataCounter)
    i.DMA_Init                               0x08000e3c   Section        0  stm32f10x_dma.o(i.DMA_Init)
    i.DMA_SetCurrDataCounter                 0x08000e78   Section        0  stm32f10x_dma.o(i.DMA_SetCurrDataCounter)
    i.DebugMon_Handler                       0x08000e7c   Section        0  stm32f10x_it.o(i.DebugMon_Handler)
    i.FLASH_ErasePage                        0x08000e80   Section        0  stm32f10x_flash.o(i.FLASH_ErasePage)
    i.FLASH_GetBank1Status                   0x08000ecc   Section        0  stm32f10x_flash.o(i.FLASH_GetBank1Status)
    i.FLASH_Lock                             0x08000f00   Section        0  stm32f10x_flash.o(i.FLASH_Lock)
    i.FLASH_ProgramHalfWord                  0x08000f14   Section        0  stm32f10x_flash.o(i.FLASH_ProgramHalfWord)
    i.FLASH_Unlock                           0x08000f54   Section        0  stm32f10x_flash.o(i.FLASH_Unlock)
    i.FLASH_WaitForLastOperation             0x08000f6c   Section        0  stm32f10x_flash.o(i.FLASH_WaitForLastOperation)
    i.GPIO_Configuration                     0x08000f94   Section        0  lcd1602.o(i.GPIO_Configuration)
    i.GPIO_Init                              0x08000fdc   Section        0  stm32f10x_gpio.o(i.GPIO_Init)
    i.GPIO_PinRemapConfig                    0x080010f4   Section        0  stm32f10x_gpio.o(i.GPIO_PinRemapConfig)
    i.GPIO_ReadInputDataBit                  0x08001184   Section        0  stm32f10x_gpio.o(i.GPIO_ReadInputDataBit)
    i.GPIO_ResetBits                         0x08001196   Section        0  stm32f10x_gpio.o(i.GPIO_ResetBits)
    i.GPIO_SetBits                           0x0800119a   Section        0  stm32f10x_gpio.o(i.GPIO_SetBits)
    i.GPIO_Write                             0x0800119e   Section        0  stm32f10x_gpio.o(i.GPIO_Write)
    i.GetMoterpluse                          0x080011a4   Section        0  balance.o(i.GetMoterpluse)
    i.Get_Adc                                0x080011c4   Section        0  adc.o(i.Get_Adc)
    i.Get_Adc_Average                        0x080011f8   Section        0  adc.o(i.Get_Adc_Average)
    i.HardFault_Handler                      0x08001226   Section        0  stm32f10x_it.o(i.HardFault_Handler)
    i.KEY_Init                               0x0800122c   Section        0  key.o(i.KEY_Init)
    i.KEY_Scan                               0x080012c8   Section        0  key.o(i.KEY_Scan)
    i.LCD1602_ClearScreen                    0x08001368   Section        0  lcd1602.o(i.LCD1602_ClearScreen)
    i.LCD1602_Init                           0x08001372   Section        0  lcd1602.o(i.LCD1602_Init)
    i.LCD1602_Set_Cursor                     0x0800138e   Section        0  lcd1602.o(i.LCD1602_Set_Cursor)
    i.LCD1602_Show_Str                       0x080013aa   Section        0  lcd1602.o(i.LCD1602_Show_Str)
    i.LCD1602_Wait_Ready                     0x080013cc   Section        0  lcd1602.o(i.LCD1602_Wait_Ready)
    i.LCD1602_Write_Cmd                      0x0800141c   Section        0  lcd1602.o(i.LCD1602_Write_Cmd)
    i.LCD1602_Write_Dat                      0x08001458   Section        0  lcd1602.o(i.LCD1602_Write_Dat)
    i.LCDshowNum                             0x08001494   Section        0  lcd1602.o(i.LCDshowNum)
    i.LED_GPIO_Config                        0x08001530   Section        0  bsp_led.o(i.LED_GPIO_Config)
    i.MemManage_Handler                      0x08001578   Section        0  stm32f10x_it.o(i.MemManage_Handler)
    i.Moteroutput                            0x0800157c   Section        0  balance.o(i.Moteroutput)
    i.NMI_Handler                            0x0800165c   Section        0  stm32f10x_it.o(i.NMI_Handler)
    i.NVIC_Configuration                     0x0800165e   Section        0  bsp_usart2.o(i.NVIC_Configuration)
    NVIC_Configuration                       0x0800165f   Thumb Code    40  bsp_usart2.o(i.NVIC_Configuration)
    i.NVIC_Init                              0x08001688   Section        0  misc.o(i.NVIC_Init)
    i.NVIC_PriorityGroupConfig               0x080016f8   Section        0  misc.o(i.NVIC_PriorityGroupConfig)
    i.PendSV_Handler                         0x0800170c   Section        0  stm32f10x_it.o(i.PendSV_Handler)
    i.RCC_ADCCLKConfig                       0x08001710   Section        0  stm32f10x_rcc.o(i.RCC_ADCCLKConfig)
    i.RCC_AHBPeriphClockCmd                  0x08001728   Section        0  stm32f10x_rcc.o(i.RCC_AHBPeriphClockCmd)
    i.RCC_APB1PeriphClockCmd                 0x08001748   Section        0  stm32f10x_rcc.o(i.RCC_APB1PeriphClockCmd)
    i.RCC_APB1PeriphResetCmd                 0x08001768   Section        0  stm32f10x_rcc.o(i.RCC_APB1PeriphResetCmd)
    i.RCC_APB2PeriphClockCmd                 0x08001788   Section        0  stm32f10x_rcc.o(i.RCC_APB2PeriphClockCmd)
    i.RCC_APB2PeriphResetCmd                 0x080017a8   Section        0  stm32f10x_rcc.o(i.RCC_APB2PeriphResetCmd)
    i.RCC_GetClocksFreq                      0x080017c8   Section        0  stm32f10x_rcc.o(i.RCC_GetClocksFreq)
    i.ReScan                                 0x0800189c   Section        0  key.o(i.ReScan)
    i.STMFLASH_Read                          0x08001910   Section        0  stm_flash.o(i.STMFLASH_Read)
    i.STMFLASH_ReadHalfWord                  0x08001932   Section        0  stm_flash.o(i.STMFLASH_ReadHalfWord)
    i.STMFLASH_Write                         0x08001938   Section        0  stm_flash.o(i.STMFLASH_Write)
    i.STMFLASH_Write_NoCheck                 0x08001a20   Section        0  stm_flash.o(i.STMFLASH_Write_NoCheck)
    i.SVC_Handler                            0x08001a46   Section        0  stm32f10x_it.o(i.SVC_Handler)
    i.SetSysClock                            0x08001a48   Section        0  system_stm32f10x.o(i.SetSysClock)
    SetSysClock                              0x08001a49   Thumb Code     8  system_stm32f10x.o(i.SetSysClock)
    i.SetSysClockTo72                        0x08001a50   Section        0  system_stm32f10x.o(i.SetSysClockTo72)
    SetSysClockTo72                          0x08001a51   Thumb Code   214  system_stm32f10x.o(i.SetSysClockTo72)
    i.SysTick_CLKSourceConfig                0x08001b30   Section        0  misc.o(i.SysTick_CLKSourceConfig)
    i.SysTick_Handler                        0x08001b58   Section        0  stm32f10x_it.o(i.SysTick_Handler)
    i.SystemInit                             0x08001b80   Section        0  system_stm32f10x.o(i.SystemInit)
    i.TI1_Config                             0x08001be0   Section        0  stm32f10x_tim.o(i.TI1_Config)
    TI1_Config                               0x08001be1   Thumb Code   108  stm32f10x_tim.o(i.TI1_Config)
    i.TI2_Config                             0x08001c60   Section        0  stm32f10x_tim.o(i.TI2_Config)
    TI2_Config                               0x08001c61   Thumb Code   130  stm32f10x_tim.o(i.TI2_Config)
    i.TI3_Config                             0x08001cf8   Section        0  stm32f10x_tim.o(i.TI3_Config)
    TI3_Config                               0x08001cf9   Thumb Code   122  stm32f10x_tim.o(i.TI3_Config)
    i.TI4_Config                             0x08001d88   Section        0  stm32f10x_tim.o(i.TI4_Config)
    TI4_Config                               0x08001d89   Thumb Code   130  stm32f10x_tim.o(i.TI4_Config)
    i.TIM2_Config                            0x08001e20   Section        0  main.o(i.TIM2_Config)
    i.TIM2_IRQHandler                        0x08001e5c   Section        0  main.o(i.TIM2_IRQHandler)
    i.TIM2_NVIC_Config                       0x08001f7c   Section        0  main.o(i.TIM2_NVIC_Config)
    i.TIM4_IRQHandler                        0x08001fa4   Section        0  encode.o(i.TIM4_IRQHandler)
    i.TIM4_Init                              0x08001fbc   Section        0  encode.o(i.TIM4_Init)
    i.TIM4_Mode_Config                       0x08001fc4   Section        0  encode.o(i.TIM4_Mode_Config)
    TIM4_Mode_Config                         0x08001fc5   Thumb Code   188  encode.o(i.TIM4_Mode_Config)
    i.TIM_ARRPreloadConfig                   0x08002088   Section        0  stm32f10x_tim.o(i.TIM_ARRPreloadConfig)
    i.TIM_ClearFlag                          0x080020a0   Section        0  stm32f10x_tim.o(i.TIM_ClearFlag)
    i.TIM_ClearITPendingBit                  0x080020a6   Section        0  stm32f10x_tim.o(i.TIM_ClearITPendingBit)
    i.TIM_Cmd                                0x080020ac   Section        0  stm32f10x_tim.o(i.TIM_Cmd)
    i.TIM_DeInit                             0x080020c4   Section        0  stm32f10x_tim.o(i.TIM_DeInit)
    i.TIM_EncoderInterfaceConfig             0x080022ac   Section        0  stm32f10x_tim.o(i.TIM_EncoderInterfaceConfig)
    i.TIM_GetITStatus                        0x080022ee   Section        0  stm32f10x_tim.o(i.TIM_GetITStatus)
    i.TIM_ICInit                             0x08002310   Section        0  stm32f10x_tim.o(i.TIM_ICInit)
    i.TIM_ICStructInit                       0x080023bc   Section        0  stm32f10x_tim.o(i.TIM_ICStructInit)
    i.TIM_ITConfig                           0x080023ce   Section        0  stm32f10x_tim.o(i.TIM_ITConfig)
    i.TIM_OC1Init                            0x080023e0   Section        0  stm32f10x_tim.o(i.TIM_OC1Init)
    i.TIM_OC1PreloadConfig                   0x08002478   Section        0  stm32f10x_tim.o(i.TIM_OC1PreloadConfig)
    i.TIM_OC2Init                            0x0800248c   Section        0  stm32f10x_tim.o(i.TIM_OC2Init)
    i.TIM_OC2PreloadConfig                   0x08002530   Section        0  stm32f10x_tim.o(i.TIM_OC2PreloadConfig)
    i.TIM_OC3Init                            0x0800254c   Section        0  stm32f10x_tim.o(i.TIM_OC3Init)
    i.TIM_OC3PreloadConfig                   0x080025ec   Section        0  stm32f10x_tim.o(i.TIM_OC3PreloadConfig)
    i.TIM_OC4Init                            0x08002600   Section        0  stm32f10x_tim.o(i.TIM_OC4Init)
    i.TIM_OC4PreloadConfig                   0x0800267c   Section        0  stm32f10x_tim.o(i.TIM_OC4PreloadConfig)
    i.TIM_SetIC1Prescaler                    0x08002696   Section        0  stm32f10x_tim.o(i.TIM_SetIC1Prescaler)
    i.TIM_SetIC2Prescaler                    0x080026a8   Section        0  stm32f10x_tim.o(i.TIM_SetIC2Prescaler)
    i.TIM_SetIC3Prescaler                    0x080026c2   Section        0  stm32f10x_tim.o(i.TIM_SetIC3Prescaler)
    i.TIM_SetIC4Prescaler                    0x080026d4   Section        0  stm32f10x_tim.o(i.TIM_SetIC4Prescaler)
    i.TIM_TimeBaseInit                       0x080026f0   Section        0  stm32f10x_tim.o(i.TIM_TimeBaseInit)
    i.TIMx_GPIO_Config                       0x08002794   Section        0  bsp_pwm_output.o(i.TIMx_GPIO_Config)
    TIMx_GPIO_Config                         0x08002795   Thumb Code    82  bsp_pwm_output.o(i.TIMx_GPIO_Config)
    i.TIMx_Mode_Config                       0x080027f0   Section        0  bsp_pwm_output.o(i.TIMx_Mode_Config)
    TIMx_Mode_Config                         0x080027f1   Thumb Code   180  bsp_pwm_output.o(i.TIMx_Mode_Config)
    i.TIMx_PWM_Init                          0x080028a8   Section        0  bsp_pwm_output.o(i.TIMx_PWM_Init)
    i.USART1_IRQHandler                      0x080028b4   Section        0  stm32f10x_it.o(i.USART1_IRQHandler)
    i.USART_ClearFlag                        0x0800299c   Section        0  stm32f10x_usart.o(i.USART_ClearFlag)
    i.USART_Cmd                              0x080029ae   Section        0  stm32f10x_usart.o(i.USART_Cmd)
    i.USART_DMACmd                           0x080029c6   Section        0  stm32f10x_usart.o(i.USART_DMACmd)
    i.USART_GetFlagStatus                    0x080029d8   Section        0  stm32f10x_usart.o(i.USART_GetFlagStatus)
    i.USART_GetITStatus                      0x080029f2   Section        0  stm32f10x_usart.o(i.USART_GetITStatus)
    i.USART_ITConfig                         0x08002a46   Section        0  stm32f10x_usart.o(i.USART_ITConfig)
    i.USART_Init                             0x08002a90   Section        0  stm32f10x_usart.o(i.USART_Init)
    i.USART_SendData                         0x08002b68   Section        0  stm32f10x_usart.o(i.USART_SendData)
    i.USARTx_Config                          0x08002b70   Section        0  bsp_usart1.o(i.USARTx_Config)
    i.USARTx_Config_2                        0x08002bfc   Section        0  bsp_usart2.o(i.USARTx_Config_2)
    i.UsageFault_Handler                     0x08002d18   Section        0  stm32f10x_it.o(i.UsageFault_Handler)
    i.Usart_SendByte                         0x08002d1c   Section        0  bsp_usart1.o(i.Usart_SendByte)
    Usart_SendByte                           0x08002d1d   Thumb Code    30  bsp_usart1.o(i.Usart_SendByte)
    i.__ARM_fpclassify                       0x08002d3a   Section        0  fpclassify.o(i.__ARM_fpclassify)
    i.__kernel_poly                          0x08002d62   Section        0  poly.o(i.__kernel_poly)
    i.__mathlib_dbl_divzero                  0x08002e0c   Section        0  dunder.o(i.__mathlib_dbl_divzero)
    i.__mathlib_dbl_infnan2                  0x08002e1c   Section        0  dunder.o(i.__mathlib_dbl_infnan2)
    i.__mathlib_dbl_invalid                  0x08002e20   Section        0  dunder.o(i.__mathlib_dbl_invalid)
    i.__mathlib_dbl_overflow                 0x08002e2c   Section        0  dunder.o(i.__mathlib_dbl_overflow)
    i.__mathlib_dbl_underflow                0x08002e3c   Section        0  dunder.o(i.__mathlib_dbl_underflow)
    i.__scatterload_copy                     0x08002e4c   Section       14  handlers.o(i.__scatterload_copy)
    i.__scatterload_null                     0x08002e5a   Section        2  handlers.o(i.__scatterload_null)
    i.__scatterload_zeroinit                 0x08002e5c   Section       14  handlers.o(i.__scatterload_zeroinit)
    i.__set_errno                            0x08002e6c   Section        0  errno.o(i.__set_errno)
    i.currentpid                             0x08002e78   Section        0  balance.o(i.currentpid)
    i.delay_init                             0x08003040   Section        0  delay.o(i.delay_init)
    i.delay_ms                               0x08003084   Section        0  delay.o(i.delay_ms)
    i.delay_us                               0x080030d0   Section        0  delay.o(i.delay_us)
    i.main                                   0x0800311c   Section        0  main.o(i.main)
    i.pow                                    0x08003888   Section        0  pow.o(i.pow)
    i.speedpid                               0x08004240   Section        0  balance.o(i.speedpid)
    i.sqrt                                   0x080043ac   Section        0  sqrt.o(i.sqrt)
    i.uart_putbuff                           0x080043f8   Section        0  bsp_usart1.o(i.uart_putbuff)
    i.vMotoXPwmOutleft                       0x08004418   Section        0  bsp_pwm_output.o(i.vMotoXPwmOutleft)
    i.vMotoXPwmOutleftright                  0x08004424   Section        0  bsp_pwm_output.o(i.vMotoXPwmOutleftright)
    i.vMotoXPwmOutright                      0x08004430   Section        0  bsp_pwm_output.o(i.vMotoXPwmOutright)
    i.vcan_sendware                          0x0800443c   Section        0  bsp_usart1.o(i.vcan_sendware)
    .constdata                               0x08004470   Section      136  pow.o(.constdata)
    bp                                       0x08004470   Data          16  pow.o(.constdata)
    dp_h                                     0x08004480   Data          16  pow.o(.constdata)
    dp_l                                     0x08004490   Data          16  pow.o(.constdata)
    L                                        0x080044a0   Data          48  pow.o(.constdata)
    P                                        0x080044d0   Data          40  pow.o(.constdata)
    .constdata                               0x080044f8   Section        8  qnan.o(.constdata)
    .data                                    0x20000000   Section       20  system_stm32f10x.o(.data)
    .data                                    0x20000014   Section       20  stm32f10x_rcc.o(.data)
    APBAHBPrescTable                         0x20000014   Data          16  stm32f10x_rcc.o(.data)
    ADCPrescTable                            0x20000024   Data           4  stm32f10x_rcc.o(.data)
    .data                                    0x20000028   Section      134  main.o(.data)
    count                                    0x20000028   Data           4  main.o(.data)
    pwm_index                                0x200000ac   Data           1  main.o(.data)
    period_cnt                               0x200000ad   Data           1  main.o(.data)
    .data                                    0x200000b0   Section        8  stm32f10x_it.o(.data)
    .data                                    0x200000b8   Section       76  balance.o(.data)
    .data                                    0x20000104   Section       64  key.o(.data)
    .data                                    0x20000144   Section        4  delay.o(.data)
    fac_us                                   0x20000144   Data           1  delay.o(.data)
    fac_ms                                   0x20000146   Data           2  delay.o(.data)
    .data                                    0x20000148   Section        4  stm_flash.o(.data)
    .data                                    0x2000014c   Section        4  errno.o(.data)
    _errno                                   0x2000014c   Data           4  errno.o(.data)
    .bss                                     0x20000150   Section      128  bsp_usart2.o(.bss)
    .bss                                     0x200001d0   Section     2048  stm_flash.o(.bss)
    STMFLASH_BUF                             0x200001d0   Data        2048  stm_flash.o(.bss)
    STACK                                    0x200009d0   Section     1024  startup_stm32f10x_hd.o(STACK)

    Global Symbols

    Symbol Name                              Value     Ov Type        Size  Object(Section)

    BuildAttributes$$THM_ISAv4$P$D$K$B$S$PE$A:L22UL41UL21$X:L11$S22US41US21$IEEE1$IW$USESV6$~STKCKD$USESV7$~SHL$OTIME$ROPI$IEEEX$EBA8$MICROLIB$REQ8$PRES8$EABIv2 0x00000000   Number         0  anon$$obj.o ABSOLUTE
    __ARM_use_no_argv                        0x00000000   Number         0  main.o ABSOLUTE
    _printf_a                                0x00000000   Number         0  stubs.o ABSOLUTE
    _printf_c                                0x00000000   Number         0  stubs.o ABSOLUTE
    _printf_charcount                        0x00000000   Number         0  stubs.o ABSOLUTE
    _printf_d                                0x00000000   Number         0  stubs.o ABSOLUTE
    _printf_e                                0x00000000   Number         0  stubs.o ABSOLUTE
    _printf_f                                0x00000000   Number         0  stubs.o ABSOLUTE
    _printf_flags                            0x00000000   Number         0  stubs.o ABSOLUTE
    _printf_fp_dec                           0x00000000   Number         0  stubs.o ABSOLUTE
    _printf_fp_hex                           0x00000000   Number         0  stubs.o ABSOLUTE
    _printf_g                                0x00000000   Number         0  stubs.o ABSOLUTE
    _printf_i                                0x00000000   Number         0  stubs.o ABSOLUTE
    _printf_int_dec                          0x00000000   Number         0  stubs.o ABSOLUTE
    _printf_l                                0x00000000   Number         0  stubs.o ABSOLUTE
    _printf_lc                               0x00000000   Number         0  stubs.o ABSOLUTE
    _printf_ll                               0x00000000   Number         0  stubs.o ABSOLUTE
    _printf_lld                              0x00000000   Number         0  stubs.o ABSOLUTE
    _printf_lli                              0x00000000   Number         0  stubs.o ABSOLUTE
    _printf_llo                              0x00000000   Number         0  stubs.o ABSOLUTE
    _printf_llu                              0x00000000   Number         0  stubs.o ABSOLUTE
    _printf_llx                              0x00000000   Number         0  stubs.o ABSOLUTE
    _printf_longlong_dec                     0x00000000   Number         0  stubs.o ABSOLUTE
    _printf_longlong_hex                     0x00000000   Number         0  stubs.o ABSOLUTE
    _printf_longlong_oct                     0x00000000   Number         0  stubs.o ABSOLUTE
    _printf_ls                               0x00000000   Number         0  stubs.o ABSOLUTE
    _printf_mbtowc                           0x00000000   Number         0  stubs.o ABSOLUTE
    _printf_n                                0x00000000   Number         0  stubs.o ABSOLUTE
    _printf_o                                0x00000000   Number         0  stubs.o ABSOLUTE
    _printf_p                                0x00000000   Number         0  stubs.o ABSOLUTE
    _printf_percent                          0x00000000   Number         0  stubs.o ABSOLUTE
    _printf_pre_padding                      0x00000000   Number         0  stubs.o ABSOLUTE
    _printf_return_value                     0x00000000   Number         0  stubs.o ABSOLUTE
    _printf_s                                0x00000000   Number         0  stubs.o ABSOLUTE
    _printf_sizespec                         0x00000000   Number         0  stubs.o ABSOLUTE
    _printf_str                              0x00000000   Number         0  stubs.o ABSOLUTE
    _printf_truncate_signed                  0x00000000   Number         0  stubs.o ABSOLUTE
    _printf_truncate_unsigned                0x00000000   Number         0  stubs.o ABSOLUTE
    _printf_u                                0x00000000   Number         0  stubs.o ABSOLUTE
    _printf_wc                               0x00000000   Number         0  stubs.o ABSOLUTE
    _printf_wctomb                           0x00000000   Number         0  stubs.o ABSOLUTE
    _printf_widthprec                        0x00000000   Number         0  stubs.o ABSOLUTE
    _printf_x                                0x00000000   Number         0  stubs.o ABSOLUTE
    __cpp_initialize__aeabi_                  - Undefined Weak Reference
    __cxa_finalize                            - Undefined Weak Reference
    _clock_init                               - Undefined Weak Reference
    _microlib_exit                            - Undefined Weak Reference
    __Vectors_Size                           0x00000130   Number         0  startup_stm32f10x_hd.o ABSOLUTE
    __Vectors                                0x08000000   Data           4  startup_stm32f10x_hd.o(RESET)
    __Vectors_End                            0x08000130   Data           0  startup_stm32f10x_hd.o(RESET)
    __main                                   0x08000131   Thumb Code     0  entry.o(.ARM.Collect$$$$00000000)
    _main_stk                                0x08000131   Thumb Code     0  entry2.o(.ARM.Collect$$$$00000001)
    _main_scatterload                        0x08000135   Thumb Code     0  entry5.o(.ARM.Collect$$$$00000004)
    __main_after_scatterload                 0x08000139   Thumb Code     0  entry5.o(.ARM.Collect$$$$00000004)
    _main_clock                              0x08000139   Thumb Code     0  entry7b.o(.ARM.Collect$$$$00000008)
    _main_cpp_init                           0x08000139   Thumb Code     0  entry8b.o(.ARM.Collect$$$$0000000A)
    _main_init                               0x08000139   Thumb Code     0  entry9a.o(.ARM.Collect$$$$0000000B)
    __rt_final_cpp                           0x08000141   Thumb Code     0  entry10a.o(.ARM.Collect$$$$0000000D)
    __rt_final_exit                          0x08000141   Thumb Code     0  entry11a.o(.ARM.Collect$$$$0000000F)
    Reset_Handler                            0x08000145   Thumb Code     8  startup_stm32f10x_hd.o(.text)
    ADC1_2_IRQHandler                        0x0800015f   Thumb Code     0  startup_stm32f10x_hd.o(.text)
    ADC3_IRQHandler                          0x0800015f   Thumb Code     0  startup_stm32f10x_hd.o(.text)
    CAN1_RX1_IRQHandler                      0x0800015f   Thumb Code     0  startup_stm32f10x_hd.o(.text)
    CAN1_SCE_IRQHandler                      0x0800015f   Thumb Code     0  startup_stm32f10x_hd.o(.text)
    DMA1_Channel1_IRQHandler                 0x0800015f   Thumb Code     0  startup_stm32f10x_hd.o(.text)
    DMA1_Channel2_IRQHandler                 0x0800015f   Thumb Code     0  startup_stm32f10x_hd.o(.text)
    DMA1_Channel3_IRQHandler                 0x0800015f   Thumb Code     0  startup_stm32f10x_hd.o(.text)
    DMA1_Channel4_IRQHandler                 0x0800015f   Thumb Code     0  startup_stm32f10x_hd.o(.text)
    DMA1_Channel5_IRQHandler                 0x0800015f   Thumb Code     0  startup_stm32f10x_hd.o(.text)
    DMA1_Channel6_IRQHandler                 0x0800015f   Thumb Code     0  startup_stm32f10x_hd.o(.text)
    DMA1_Channel7_IRQHandler                 0x0800015f   Thumb Code     0  startup_stm32f10x_hd.o(.text)
    DMA2_Channel1_IRQHandler                 0x0800015f   Thumb Code     0  startup_stm32f10x_hd.o(.text)
    DMA2_Channel2_IRQHandler                 0x0800015f   Thumb Code     0  startup_stm32f10x_hd.o(.text)
    DMA2_Channel3_IRQHandler                 0x0800015f   Thumb Code     0  startup_stm32f10x_hd.o(.text)
    DMA2_Channel4_5_IRQHandler               0x0800015f   Thumb Code     0  startup_stm32f10x_hd.o(.text)
    EXTI0_IRQHandler                         0x0800015f   Thumb Code     0  startup_stm32f10x_hd.o(.text)
    EXTI15_10_IRQHandler                     0x0800015f   Thumb Code     0  startup_stm32f10x_hd.o(.text)
    EXTI1_IRQHandler                         0x0800015f   Thumb Code     0  startup_stm32f10x_hd.o(.text)
    EXTI2_IRQHandler                         0x0800015f   Thumb Code     0  startup_stm32f10x_hd.o(.text)
    EXTI3_IRQHandler                         0x0800015f   Thumb Code     0  startup_stm32f10x_hd.o(.text)
    EXTI4_IRQHandler                         0x0800015f   Thumb Code     0  startup_stm32f10x_hd.o(.text)
    EXTI9_5_IRQHandler                       0x0800015f   Thumb Code     0  startup_stm32f10x_hd.o(.text)
    FLASH_IRQHandler                         0x0800015f   Thumb Code     0  startup_stm32f10x_hd.o(.text)
    FSMC_IRQHandler                          0x0800015f   Thumb Code     0  startup_stm32f10x_hd.o(.text)
    I2C1_ER_IRQHandler                       0x0800015f   Thumb Code     0  startup_stm32f10x_hd.o(.text)
    I2C1_EV_IRQHandler                       0x0800015f   Thumb Code     0  startup_stm32f10x_hd.o(.text)
    I2C2_ER_IRQHandler                       0x0800015f   Thumb Code     0  startup_stm32f10x_hd.o(.text)
    I2C2_EV_IRQHandler                       0x0800015f   Thumb Code     0  startup_stm32f10x_hd.o(.text)
    PVD_IRQHandler                           0x0800015f   Thumb Code     0  startup_stm32f10x_hd.o(.text)
    RCC_IRQHandler                           0x0800015f   Thumb Code     0  startup_stm32f10x_hd.o(.text)
    RTCAlarm_IRQHandler                      0x0800015f   Thumb Code     0  startup_stm32f10x_hd.o(.text)
    RTC_IRQHandler                           0x0800015f   Thumb Code     0  startup_stm32f10x_hd.o(.text)
    SDIO_IRQHandler                          0x0800015f   Thumb Code     0  startup_stm32f10x_hd.o(.text)
    SPI1_IRQHandler                          0x0800015f   Thumb Code     0  startup_stm32f10x_hd.o(.text)
    SPI2_IRQHandler                          0x0800015f   Thumb Code     0  startup_stm32f10x_hd.o(.text)
    SPI3_IRQHandler                          0x0800015f   Thumb Code     0  startup_stm32f10x_hd.o(.text)
    TAMPER_IRQHandler                        0x0800015f   Thumb Code     0  startup_stm32f10x_hd.o(.text)
    TIM1_BRK_IRQHandler                      0x0800015f   Thumb Code     0  startup_stm32f10x_hd.o(.text)
    TIM1_CC_IRQHandler                       0x0800015f   Thumb Code     0  startup_stm32f10x_hd.o(.text)
    TIM1_TRG_COM_IRQHandler                  0x0800015f   Thumb Code     0  startup_stm32f10x_hd.o(.text)
    TIM1_UP_IRQHandler                       0x0800015f   Thumb Code     0  startup_stm32f10x_hd.o(.text)
    TIM3_IRQHandler                          0x0800015f   Thumb Code     0  startup_stm32f10x_hd.o(.text)
    TIM5_IRQHandler                          0x0800015f   Thumb Code     0  startup_stm32f10x_hd.o(.text)
    TIM6_IRQHandler                          0x0800015f   Thumb Code     0  startup_stm32f10x_hd.o(.text)
    TIM7_IRQHandler                          0x0800015f   Thumb Code     0  startup_stm32f10x_hd.o(.text)
    TIM8_BRK_IRQHandler                      0x0800015f   Thumb Code     0  startup_stm32f10x_hd.o(.text)
    TIM8_CC_IRQHandler                       0x0800015f   Thumb Code     0  startup_stm32f10x_hd.o(.text)
    TIM8_TRG_COM_IRQHandler                  0x0800015f   Thumb Code     0  startup_stm32f10x_hd.o(.text)
    TIM8_UP_IRQHandler                       0x0800015f   Thumb Code     0  startup_stm32f10x_hd.o(.text)
    UART4_IRQHandler                         0x0800015f   Thumb Code     0  startup_stm32f10x_hd.o(.text)
    UART5_IRQHandler                         0x0800015f   Thumb Code     0  startup_stm32f10x_hd.o(.text)
    USART2_IRQHandler                        0x0800015f   Thumb Code     0  startup_stm32f10x_hd.o(.text)
    USART3_IRQHandler                        0x0800015f   Thumb Code     0  startup_stm32f10x_hd.o(.text)
    USBWakeUp_IRQHandler                     0x0800015f   Thumb Code     0  startup_stm32f10x_hd.o(.text)
    USB_HP_CAN1_TX_IRQHandler                0x0800015f   Thumb Code     0  startup_stm32f10x_hd.o(.text)
    USB_LP_CAN1_RX0_IRQHandler               0x0800015f   Thumb Code     0  startup_stm32f10x_hd.o(.text)
    WWDG_IRQHandler                          0x0800015f   Thumb Code     0  startup_stm32f10x_hd.o(.text)
    strlen                                   0x08000169   Thumb Code    14  strlen.o(.text)
    __aeabi_fadd                             0x08000177   Thumb Code   164  fadd.o(.text)
    __aeabi_fsub                             0x0800021b   Thumb Code     6  fadd.o(.text)
    __aeabi_frsub                            0x08000221   Thumb Code     6  fadd.o(.text)
    __aeabi_fmul                             0x08000227   Thumb Code   100  fmul.o(.text)
    __aeabi_fdiv                             0x0800028b   Thumb Code   124  fdiv.o(.text)
    __aeabi_dadd                             0x08000307   Thumb Code   322  dadd.o(.text)
    __aeabi_dsub                             0x08000449   Thumb Code     6  dadd.o(.text)
    __aeabi_drsub                            0x0800044f   Thumb Code     6  dadd.o(.text)
    __aeabi_dmul                             0x08000455   Thumb Code   228  dmul.o(.text)
    __aeabi_ddiv                             0x08000539   Thumb Code   222  ddiv.o(.text)
    __aeabi_i2f                              0x08000617   Thumb Code    18  fflti.o(.text)
    __aeabi_ui2f                             0x08000629   Thumb Code    10  ffltui.o(.text)
    __aeabi_i2d                              0x08000633   Thumb Code    34  dflti.o(.text)
    __aeabi_ui2d                             0x08000655   Thumb Code    26  dfltui.o(.text)
    __aeabi_f2iz                             0x0800066f   Thumb Code    50  ffixi.o(.text)
    __aeabi_f2uiz                            0x080006a1   Thumb Code    40  ffixui.o(.text)
    __aeabi_f2d                              0x080006c9   Thumb Code    38  f2d.o(.text)
    __aeabi_d2f                              0x080006ef   Thumb Code    56  d2f.o(.text)
    __aeabi_cfcmpeq                          0x08000729   Thumb Code     0  cfcmple.o(.text)
    __aeabi_cfcmple                          0x08000729   Thumb Code    20  cfcmple.o(.text)
    __aeabi_cfrcmple                         0x0800073d   Thumb Code    20  cfrcmple.o(.text)
    __aeabi_llsl                             0x08000751   Thumb Code    30  llshl.o(.text)
    _ll_shift_l                              0x08000751   Thumb Code     0  llshl.o(.text)
    __aeabi_llsr                             0x0800076f   Thumb Code    32  llushr.o(.text)
    _ll_ushift_r                             0x0800076f   Thumb Code     0  llushr.o(.text)
    __aeabi_lasr                             0x0800078f   Thumb Code    36  llsshr.o(.text)
    _ll_sshift_r                             0x0800078f   Thumb Code     0  llsshr.o(.text)
    __I$use$fp                               0x080007b3   Thumb Code     0  iusefp.o(.text)
    _float_round                             0x080007b3   Thumb Code    18  fepilogue.o(.text)
    _float_epilogue                          0x080007c5   Thumb Code    92  fepilogue.o(.text)
    _double_round                            0x08000821   Thumb Code    30  depilogue.o(.text)
    _double_epilogue                         0x0800083f   Thumb Code   156  depilogue.o(.text)
    __ARM_scalbn                             0x080008db   Thumb Code    46  dscalb.o(.text)
    scalbn                                   0x080008db   Thumb Code     0  dscalb.o(.text)
    __aeabi_cdrcmple                         0x08000909   Thumb Code    48  cdrcmple.o(.text)
    __scatterload                            0x08000939   Thumb Code    28  init.o(.text)
    __scatterload_rt2                        0x08000939   Thumb Code     0  init.o(.text)
    _dsqrt                                   0x0800095d   Thumb Code   162  dsqrt.o(.text)
    __decompress                             0x080009ff   Thumb Code     0  __dczerorl2.o(.text)
    __decompress1                            0x080009ff   Thumb Code    86  __dczerorl2.o(.text)
    ADC_Cmd                                  0x08000a55   Thumb Code    22  stm32f10x_adc.o(i.ADC_Cmd)
    ADC_DeInit                               0x08000a6d   Thumb Code    78  stm32f10x_adc.o(i.ADC_DeInit)
    ADC_GetCalibrationStatus                 0x08000ac9   Thumb Code    20  stm32f10x_adc.o(i.ADC_GetCalibrationStatus)
    ADC_GetConversionValue                   0x08000add   Thumb Code     8  stm32f10x_adc.o(i.ADC_GetConversionValue)
    ADC_GetFlagStatus                        0x08000ae5   Thumb Code    18  stm32f10x_adc.o(i.ADC_GetFlagStatus)
    ADC_GetResetCalibrationStatus            0x08000af7   Thumb Code    20  stm32f10x_adc.o(i.ADC_GetResetCalibrationStatus)
    ADC_Init                                 0x08000b0d   Thumb Code    70  stm32f10x_adc.o(i.ADC_Init)
    ADC_RegularChannelConfig                 0x08000b5d   Thumb Code   184  stm32f10x_adc.o(i.ADC_RegularChannelConfig)
    ADC_ResetCalibration                     0x08000c15   Thumb Code    10  stm32f10x_adc.o(i.ADC_ResetCalibration)
    ADC_SoftwareStartConvCmd                 0x08000c1f   Thumb Code    22  stm32f10x_adc.o(i.ADC_SoftwareStartConvCmd)
    ADC_StartCalibration                     0x08000c35   Thumb Code    10  stm32f10x_adc.o(i.ADC_StartCalibration)
    Adc_Init                                 0x08000c41   Thumb Code   132  adc.o(i.Adc_Init)
    BusFault_Handler                         0x08000ccd   Thumb Code     4  stm32f10x_it.o(i.BusFault_Handler)
    DMA_Cmd                                  0x08000cd1   Thumb Code    24  stm32f10x_dma.o(i.DMA_Cmd)
    DMA_DeInit                               0x08000ce9   Thumb Code   324  stm32f10x_dma.o(i.DMA_DeInit)
    DMA_GetCurrDataCounter                   0x08000e35   Thumb Code     8  stm32f10x_dma.o(i.DMA_GetCurrDataCounter)
    DMA_Init                                 0x08000e3d   Thumb Code    60  stm32f10x_dma.o(i.DMA_Init)
    DMA_SetCurrDataCounter                   0x08000e79   Thumb Code     4  stm32f10x_dma.o(i.DMA_SetCurrDataCounter)
    DebugMon_Handler                         0x08000e7d   Thumb Code     2  stm32f10x_it.o(i.DebugMon_Handler)
    FLASH_ErasePage                          0x08000e81   Thumb Code    72  stm32f10x_flash.o(i.FLASH_ErasePage)
    FLASH_GetBank1Status                     0x08000ecd   Thumb Code    48  stm32f10x_flash.o(i.FLASH_GetBank1Status)
    FLASH_Lock                               0x08000f01   Thumb Code    14  stm32f10x_flash.o(i.FLASH_Lock)
    FLASH_ProgramHalfWord                    0x08000f15   Thumb Code    60  stm32f10x_flash.o(i.FLASH_ProgramHalfWord)
    FLASH_Unlock                             0x08000f55   Thumb Code    12  stm32f10x_flash.o(i.FLASH_Unlock)
    FLASH_WaitForLastOperation               0x08000f6d   Thumb Code    38  stm32f10x_flash.o(i.FLASH_WaitForLastOperation)
    GPIO_Configuration                       0x08000f95   Thumb Code    64  lcd1602.o(i.GPIO_Configuration)
    GPIO_Init                                0x08000fdd   Thumb Code   278  stm32f10x_gpio.o(i.GPIO_Init)
    GPIO_PinRemapConfig                      0x080010f5   Thumb Code   138  stm32f10x_gpio.o(i.GPIO_PinRemapConfig)
    GPIO_ReadInputDataBit                    0x08001185   Thumb Code    18  stm32f10x_gpio.o(i.GPIO_ReadInputDataBit)
    GPIO_ResetBits                           0x08001197   Thumb Code     4  stm32f10x_gpio.o(i.GPIO_ResetBits)
    GPIO_SetBits                             0x0800119b   Thumb Code     4  stm32f10x_gpio.o(i.GPIO_SetBits)
    GPIO_Write                               0x0800119f   Thumb Code     4  stm32f10x_gpio.o(i.GPIO_Write)
    GetMoterpluse                            0x080011a5   Thumb Code    24  balance.o(i.GetMoterpluse)
    Get_Adc                                  0x080011c5   Thumb Code    46  adc.o(i.Get_Adc)
    Get_Adc_Average                          0x080011f9   Thumb Code    46  adc.o(i.Get_Adc_Average)
    HardFault_Handler                        0x08001227   Thumb Code     4  stm32f10x_it.o(i.HardFault_Handler)
    KEY_Init                                 0x0800122d   Thumb Code   152  key.o(i.KEY_Init)
    KEY_Scan                                 0x080012c9   Thumb Code   154  key.o(i.KEY_Scan)
    LCD1602_ClearScreen                      0x08001369   Thumb Code    10  lcd1602.o(i.LCD1602_ClearScreen)
    LCD1602_Init                             0x08001373   Thumb Code    28  lcd1602.o(i.LCD1602_Init)
    LCD1602_Set_Cursor                       0x0800138f   Thumb Code    28  lcd1602.o(i.LCD1602_Set_Cursor)
    LCD1602_Show_Str                         0x080013ab   Thumb Code    34  lcd1602.o(i.LCD1602_Show_Str)
    LCD1602_Wait_Ready                       0x080013cd   Thumb Code    70  lcd1602.o(i.LCD1602_Wait_Ready)
    LCD1602_Write_Cmd                        0x0800141d   Thumb Code    50  lcd1602.o(i.LCD1602_Write_Cmd)
    LCD1602_Write_Dat                        0x08001459   Thumb Code    50  lcd1602.o(i.LCD1602_Write_Dat)
    LCDshowNum                               0x08001495   Thumb Code   156  lcd1602.o(i.LCDshowNum)
    LED_GPIO_Config                          0x08001531   Thumb Code    68  bsp_led.o(i.LED_GPIO_Config)
    MemManage_Handler                        0x08001579   Thumb Code     4  stm32f10x_it.o(i.MemManage_Handler)
    Moteroutput                              0x0800157d   Thumb Code   190  balance.o(i.Moteroutput)
    NMI_Handler                              0x0800165d   Thumb Code     2  stm32f10x_it.o(i.NMI_Handler)
    NVIC_Init                                0x08001689   Thumb Code   100  misc.o(i.NVIC_Init)
    NVIC_PriorityGroupConfig                 0x080016f9   Thumb Code    10  misc.o(i.NVIC_PriorityGroupConfig)
    PendSV_Handler                           0x0800170d   Thumb Code     2  stm32f10x_it.o(i.PendSV_Handler)
    RCC_ADCCLKConfig                         0x08001711   Thumb Code    18  stm32f10x_rcc.o(i.RCC_ADCCLKConfig)
    RCC_AHBPeriphClockCmd                    0x08001729   Thumb Code    26  stm32f10x_rcc.o(i.RCC_AHBPeriphClockCmd)
    RCC_APB1PeriphClockCmd                   0x08001749   Thumb Code    26  stm32f10x_rcc.o(i.RCC_APB1PeriphClockCmd)
    RCC_APB1PeriphResetCmd                   0x08001769   Thumb Code    26  stm32f10x_rcc.o(i.RCC_APB1PeriphResetCmd)
    RCC_APB2PeriphClockCmd                   0x08001789   Thumb Code    26  stm32f10x_rcc.o(i.RCC_APB2PeriphClockCmd)
    RCC_APB2PeriphResetCmd                   0x080017a9   Thumb Code    26  stm32f10x_rcc.o(i.RCC_APB2PeriphResetCmd)
    RCC_GetClocksFreq                        0x080017c9   Thumb Code   192  stm32f10x_rcc.o(i.RCC_GetClocksFreq)
    ReScan                                   0x0800189d   Thumb Code   110  key.o(i.ReScan)
    STMFLASH_Read                            0x08001911   Thumb Code    34  stm_flash.o(i.STMFLASH_Read)
    STMFLASH_ReadHalfWord                    0x08001933   Thumb Code     6  stm_flash.o(i.STMFLASH_ReadHalfWord)
    STMFLASH_Write                           0x08001939   Thumb Code   222  stm_flash.o(i.STMFLASH_Write)
    STMFLASH_Write_NoCheck                   0x08001a21   Thumb Code    38  stm_flash.o(i.STMFLASH_Write_NoCheck)
    SVC_Handler                              0x08001a47   Thumb Code     2  stm32f10x_it.o(i.SVC_Handler)
    SysTick_CLKSourceConfig                  0x08001b31   Thumb Code    40  misc.o(i.SysTick_CLKSourceConfig)
    SysTick_Handler                          0x08001b59   Thumb Code    36  stm32f10x_it.o(i.SysTick_Handler)
    SystemInit                               0x08001b81   Thumb Code    78  system_stm32f10x.o(i.SystemInit)
    TIM2_Config                              0x08001e21   Thumb Code    58  main.o(i.TIM2_Config)
    TIM2_IRQHandler                          0x08001e5d   Thumb Code   264  main.o(i.TIM2_IRQHandler)
    TIM2_NVIC_Config                         0x08001f7d   Thumb Code    40  main.o(i.TIM2_NVIC_Config)
    TIM4_IRQHandler                          0x08001fa5   Thumb Code    20  encode.o(i.TIM4_IRQHandler)
    TIM4_Init                                0x08001fbd   Thumb Code     8  encode.o(i.TIM4_Init)
    TIM_ARRPreloadConfig                     0x08002089   Thumb Code    24  stm32f10x_tim.o(i.TIM_ARRPreloadConfig)
    TIM_ClearFlag                            0x080020a1   Thumb Code     6  stm32f10x_tim.o(i.TIM_ClearFlag)
    TIM_ClearITPendingBit                    0x080020a7   Thumb Code     6  stm32f10x_tim.o(i.TIM_ClearITPendingBit)
    TIM_Cmd                                  0x080020ad   Thumb Code    24  stm32f10x_tim.o(i.TIM_Cmd)
    TIM_DeInit                               0x080020c5   Thumb Code   424  stm32f10x_tim.o(i.TIM_DeInit)
    TIM_EncoderInterfaceConfig               0x080022ad   Thumb Code    66  stm32f10x_tim.o(i.TIM_EncoderInterfaceConfig)
    TIM_GetITStatus                          0x080022ef   Thumb Code    34  stm32f10x_tim.o(i.TIM_GetITStatus)
    TIM_ICInit                               0x08002311   Thumb Code   150  stm32f10x_tim.o(i.TIM_ICInit)
    TIM_ICStructInit                         0x080023bd   Thumb Code    18  stm32f10x_tim.o(i.TIM_ICStructInit)
    TIM_ITConfig                             0x080023cf   Thumb Code    18  stm32f10x_tim.o(i.TIM_ITConfig)
    TIM_OC1Init                              0x080023e1   Thumb Code   132  stm32f10x_tim.o(i.TIM_OC1Init)
    TIM_OC1PreloadConfig                     0x08002479   Thumb Code    18  stm32f10x_tim.o(i.TIM_OC1PreloadConfig)
    TIM_OC2Init                              0x0800248d   Thumb Code   154  stm32f10x_tim.o(i.TIM_OC2Init)
    TIM_OC2PreloadConfig                     0x08002531   Thumb Code    26  stm32f10x_tim.o(i.TIM_OC2PreloadConfig)
    TIM_OC3Init                              0x0800254d   Thumb Code   150  stm32f10x_tim.o(i.TIM_OC3Init)
    TIM_OC3PreloadConfig                     0x080025ed   Thumb Code    18  stm32f10x_tim.o(i.TIM_OC3PreloadConfig)
    TIM_OC4Init                              0x08002601   Thumb Code   114  stm32f10x_tim.o(i.TIM_OC4Init)
    TIM_OC4PreloadConfig                     0x0800267d   Thumb Code    26  stm32f10x_tim.o(i.TIM_OC4PreloadConfig)
    TIM_SetIC1Prescaler                      0x08002697   Thumb Code    18  stm32f10x_tim.o(i.TIM_SetIC1Prescaler)
    TIM_SetIC2Prescaler                      0x080026a9   Thumb Code    26  stm32f10x_tim.o(i.TIM_SetIC2Prescaler)
    TIM_SetIC3Prescaler                      0x080026c3   Thumb Code    18  stm32f10x_tim.o(i.TIM_SetIC3Prescaler)
    TIM_SetIC4Prescaler                      0x080026d5   Thumb Code    26  stm32f10x_tim.o(i.TIM_SetIC4Prescaler)
    TIM_TimeBaseInit                         0x080026f1   Thumb Code   122  stm32f10x_tim.o(i.TIM_TimeBaseInit)
    TIMx_PWM_Init                            0x080028a9   Thumb Code    12  bsp_pwm_output.o(i.TIMx_PWM_Init)
    USART1_IRQHandler                        0x080028b5   Thumb Code   204  stm32f10x_it.o(i.USART1_IRQHandler)
    USART_ClearFlag                          0x0800299d   Thumb Code    18  stm32f10x_usart.o(i.USART_ClearFlag)
    USART_Cmd                                0x080029af   Thumb Code    24  stm32f10x_usart.o(i.USART_Cmd)
    USART_DMACmd                             0x080029c7   Thumb Code    18  stm32f10x_usart.o(i.USART_DMACmd)
    USART_GetFlagStatus                      0x080029d9   Thumb Code    26  stm32f10x_usart.o(i.USART_GetFlagStatus)
    USART_GetITStatus                        0x080029f3   Thumb Code    84  stm32f10x_usart.o(i.USART_GetITStatus)
    USART_ITConfig                           0x08002a47   Thumb Code    74  stm32f10x_usart.o(i.USART_ITConfig)
    USART_Init                               0x08002a91   Thumb Code   210  stm32f10x_usart.o(i.USART_Init)
    USART_SendData                           0x08002b69   Thumb Code     8  stm32f10x_usart.o(i.USART_SendData)
    USARTx_Config                            0x08002b71   Thumb Code   130  bsp_usart1.o(i.USARTx_Config)
    USARTx_Config_2                          0x08002bfd   Thumb Code   266  bsp_usart2.o(i.USARTx_Config_2)
    UsageFault_Handler                       0x08002d19   Thumb Code     4  stm32f10x_it.o(i.UsageFault_Handler)
    __ARM_fpclassify                         0x08002d3b   Thumb Code    40  fpclassify.o(i.__ARM_fpclassify)
    __kernel_poly                            0x08002d63   Thumb Code   170  poly.o(i.__kernel_poly)
    __mathlib_dbl_divzero                    0x08002e0d   Thumb Code    12  dunder.o(i.__mathlib_dbl_divzero)
    __mathlib_dbl_infnan2                    0x08002e1d   Thumb Code     4  dunder.o(i.__mathlib_dbl_infnan2)
    __mathlib_dbl_invalid                    0x08002e21   Thumb Code    12  dunder.o(i.__mathlib_dbl_invalid)
    __mathlib_dbl_overflow                   0x08002e2d   Thumb Code    14  dunder.o(i.__mathlib_dbl_overflow)
    __mathlib_dbl_underflow                  0x08002e3d   Thumb Code    10  dunder.o(i.__mathlib_dbl_underflow)
    __scatterload_copy                       0x08002e4d   Thumb Code    14  handlers.o(i.__scatterload_copy)
    __scatterload_null                       0x08002e5b   Thumb Code     2  handlers.o(i.__scatterload_null)
    __scatterload_zeroinit                   0x08002e5d   Thumb Code    14  handlers.o(i.__scatterload_zeroinit)
    __set_errno                              0x08002e6d   Thumb Code     6  errno.o(i.__set_errno)
    currentpid                               0x08002e79   Thumb Code   394  balance.o(i.currentpid)
    delay_init                               0x08003041   Thumb Code    50  delay.o(i.delay_init)
    delay_ms                                 0x08003085   Thumb Code    72  delay.o(i.delay_ms)
    delay_us                                 0x080030d1   Thumb Code    72  delay.o(i.delay_us)
    main                                     0x0800311d   Thumb Code  1830  main.o(i.main)
    pow                                      0x08003889   Thumb Code  2478  pow.o(i.pow)
    speedpid                                 0x08004241   Thumb Code   314  balance.o(i.speedpid)
    sqrt                                     0x080043ad   Thumb Code    76  sqrt.o(i.sqrt)
    uart_putbuff                             0x080043f9   Thumb Code    28  bsp_usart1.o(i.uart_putbuff)
    vMotoXPwmOutleft                         0x08004419   Thumb Code     6  bsp_pwm_output.o(i.vMotoXPwmOutleft)
    vMotoXPwmOutleftright                    0x08004425   Thumb Code     6  bsp_pwm_output.o(i.vMotoXPwmOutleftright)
    vMotoXPwmOutright                        0x08004431   Thumb Code     6  bsp_pwm_output.o(i.vMotoXPwmOutright)
    vcan_sendware                            0x0800443d   Thumb Code    44  bsp_usart1.o(i.vcan_sendware)
    __mathlib_zero                           0x080044f8   Data           8  qnan.o(.constdata)
    Region$$Table$$Base                      0x08004500   Number         0  anon$$obj.o(Region$$Table)
    Region$$Table$$Limit                     0x08004520   Number         0  anon$$obj.o(Region$$Table)
    SystemCoreClock                          0x20000000   Data           4  system_stm32f10x.o(.data)
    AHBPrescTable                            0x20000004   Data          16  system_stm32f10x.o(.data)
    canshuOK_p                               0x2000002c   Data           4  main.o(.data)
    canshuOK_i                               0x20000030   Data           4  main.o(.data)
    qidongOK                                 0x20000034   Data           4  main.o(.data)
    canshuOK_ip                              0x20000038   Data           4  main.o(.data)
    canshuOK_iI                              0x2000003c   Data           4  main.o(.data)
    color                                    0x20000040   Data           1  main.o(.data)
    indexWave                                0x20000042   Data          80  main.o(.data)
    var                                      0x20000094   Data           8  main.o(.data)
    i                                        0x2000009c   Data           4  main.o(.data)
    speed_count                              0x200000a0   Data           4  main.o(.data)
    tiaoshi                                  0x200000a4   Data           4  main.o(.data)
    tiaoshi_ok                               0x200000a8   Data           4  main.o(.data)
    Task_Delay                               0x200000b0   Data           8  stm32f10x_it.o(.data)
    SpeedSet                                 0x200000b8   Data           4  balance.o(.data)
    Speed_control_p                          0x200000bc   Data           4  balance.o(.data)
    SPEED_CONTROL_I                          0x200000c0   Data           4  balance.o(.data)
    Integral_MAX                             0x200000c4   Data           4  balance.o(.data)
    JIFEN_YUZHI                              0x200000c8   Data           4  balance.o(.data)
    gf_SpeedControlOutMax                    0x200000cc   Data           4  balance.o(.data)
    Current_control_p                        0x200000d0   Data           4  balance.o(.data)
    Current_CONTROL_I                        0x200000d4   Data           4  balance.o(.data)
    JIFEN_YUZHI_I                            0x200000d8   Data           4  balance.o(.data)
    Integral_MAX_I                           0x200000dc   Data           4  balance.o(.data)
    gf_CurrentControlOutMax                  0x200000e0   Data           4  balance.o(.data)
    gf_nowspeed                              0x200000e4   Data           4  balance.o(.data)
    gf_GPT                                   0x200000e8   Data           4  balance.o(.data)
    gf_SpeedControlIntegral                  0x200000ec   Data           4  balance.o(.data)
    gf_SpeedControlOut                       0x200000f0   Data           4  balance.o(.data)
    fmoter_old                               0x200000f4   Data           4  balance.o(.data)
    gf_current                               0x200000f8   Data           4  balance.o(.data)
    gf_CurrentControlIntegral                0x200000fc   Data           4  balance.o(.data)
    gf_CurrentControlOut                     0x20000100   Data           4  balance.o(.data)
    KPIN                                     0x20000104   Data          64  key.o(.data)
    TEXT_Buffer                              0x20000148   Data           4  stm_flash.o(.data)
    Uart_Rx                                  0x20000150   Data         128  bsp_usart2.o(.bss)
    __initial_sp                             0x20000dd0   Data           0  startup_stm32f10x_hd.o(STACK)



==============================================================================

Memory Map of the image

  Image Entry point : 0x08000131

  Load Region LR_IROM1 (Base: 0x08000000, Size: 0x00004670, Max: 0x00080000, ABSOLUTE, COMPRESSED[0x000045c4])

    Execution Region ER_IROM1 (Base: 0x08000000, Size: 0x00004520, Max: 0x00080000, ABSOLUTE)

    Base Addr    Size         Type   Attr      Idx    E Section Name        Object

    0x08000000   0x00000130   Data   RO            3    RESET               startup_stm32f10x_hd.o
    0x08000130   0x00000000   Code   RO         3873  * .ARM.Collect$$$$00000000  mc_w.l(entry.o)
    0x08000130   0x00000004   Code   RO         4200    .ARM.Collect$$$$00000001  mc_w.l(entry2.o)
    0x08000134   0x00000004   Code   RO         4203    .ARM.Collect$$$$00000004  mc_w.l(entry5.o)
    0x08000138   0x00000000   Code   RO         4205    .ARM.Collect$$$$00000008  mc_w.l(entry7b.o)
    0x08000138   0x00000000   Code   RO         4207    .ARM.Collect$$$$0000000A  mc_w.l(entry8b.o)
    0x08000138   0x00000008   Code   RO         4208    .ARM.Collect$$$$0000000B  mc_w.l(entry9a.o)
    0x08000140   0x00000000   Code   RO         4210    .ARM.Collect$$$$0000000D  mc_w.l(entry10a.o)
    0x08000140   0x00000000   Code   RO         4212    .ARM.Collect$$$$0000000F  mc_w.l(entry11a.o)
    0x08000140   0x00000004   Code   RO         4201    .ARM.Collect$$$$00002712  mc_w.l(entry2.o)
    0x08000144   0x00000024   Code   RO            4    .text               startup_stm32f10x_hd.o
    0x08000168   0x0000000e   Code   RO         3876    .text               mc_w.l(strlen.o)
    0x08000176   0x000000b0   Code   RO         4139    .text               mf_w.l(fadd.o)
    0x08000226   0x00000064   Code   RO         4141    .text               mf_w.l(fmul.o)
    0x0800028a   0x0000007c   Code   RO         4143    .text               mf_w.l(fdiv.o)
    0x08000306   0x0000014e   Code   RO         4145    .text               mf_w.l(dadd.o)
    0x08000454   0x000000e4   Code   RO         4147    .text               mf_w.l(dmul.o)
    0x08000538   0x000000de   Code   RO         4149    .text               mf_w.l(ddiv.o)
    0x08000616   0x00000012   Code   RO         4151    .text               mf_w.l(fflti.o)
    0x08000628   0x0000000a   Code   RO         4153    .text               mf_w.l(ffltui.o)
    0x08000632   0x00000022   Code   RO         4155    .text               mf_w.l(dflti.o)
    0x08000654   0x0000001a   Code   RO         4157    .text               mf_w.l(dfltui.o)
    0x0800066e   0x00000032   Code   RO         4159    .text               mf_w.l(ffixi.o)
    0x080006a0   0x00000028   Code   RO         4161    .text               mf_w.l(ffixui.o)
    0x080006c8   0x00000026   Code   RO         4165    .text               mf_w.l(f2d.o)
    0x080006ee   0x00000038   Code   RO         4167    .text               mf_w.l(d2f.o)
    0x08000726   0x00000002   PAD
    0x08000728   0x00000014   Code   RO         4169    .text               mf_w.l(cfcmple.o)
    0x0800073c   0x00000014   Code   RO         4171    .text               mf_w.l(cfrcmple.o)
    0x08000750   0x0000001e   Code   RO         4219    .text               mc_w.l(llshl.o)
    0x0800076e   0x00000020   Code   RO         4221    .text               mc_w.l(llushr.o)
    0x0800078e   0x00000024   Code   RO         4223    .text               mc_w.l(llsshr.o)
    0x080007b2   0x00000000   Code   RO         4232    .text               mc_w.l(iusefp.o)
    0x080007b2   0x0000006e   Code   RO         4233    .text               mf_w.l(fepilogue.o)
    0x08000820   0x000000ba   Code   RO         4235    .text               mf_w.l(depilogue.o)
    0x080008da   0x0000002e   Code   RO         4237    .text               mf_w.l(dscalb.o)
    0x08000908   0x00000030   Code   RO         4241    .text               mf_w.l(cdrcmple.o)
    0x08000938   0x00000024   Code   RO         4243    .text               mc_w.l(init.o)
    0x0800095c   0x000000a2   Code   RO         4245    .text               mf_w.l(dsqrt.o)
    0x080009fe   0x00000056   Code   RO         4257    .text               mc_w.l(__dczerorl2.o)
    0x08000a54   0x00000016   Code   RO          183    i.ADC_Cmd           stm32f10x_adc.o
    0x08000a6a   0x00000002   PAD
    0x08000a6c   0x0000005c   Code   RO          185    i.ADC_DeInit        stm32f10x_adc.o
    0x08000ac8   0x00000014   Code   RO          191    i.ADC_GetCalibrationStatus  stm32f10x_adc.o
    0x08000adc   0x00000008   Code   RO          192    i.ADC_GetConversionValue  stm32f10x_adc.o
    0x08000ae4   0x00000012   Code   RO          194    i.ADC_GetFlagStatus  stm32f10x_adc.o
    0x08000af6   0x00000014   Code   RO          197    i.ADC_GetResetCalibrationStatus  stm32f10x_adc.o
    0x08000b0a   0x00000002   PAD
    0x08000b0c   0x00000050   Code   RO          201    i.ADC_Init          stm32f10x_adc.o
    0x08000b5c   0x000000b8   Code   RO          205    i.ADC_RegularChannelConfig  stm32f10x_adc.o
    0x08000c14   0x0000000a   Code   RO          206    i.ADC_ResetCalibration  stm32f10x_adc.o
    0x08000c1e   0x00000016   Code   RO          208    i.ADC_SoftwareStartConvCmd  stm32f10x_adc.o
    0x08000c34   0x0000000a   Code   RO          210    i.ADC_StartCalibration  stm32f10x_adc.o
    0x08000c3e   0x00000002   PAD
    0x08000c40   0x0000008c   Code   RO         3796    i.Adc_Init          adc.o
    0x08000ccc   0x00000004   Code   RO         3213    i.BusFault_Handler  stm32f10x_it.o
    0x08000cd0   0x00000018   Code   RO          868    i.DMA_Cmd           stm32f10x_dma.o
    0x08000ce8   0x0000014c   Code   RO          869    i.DMA_DeInit        stm32f10x_dma.o
    0x08000e34   0x00000008   Code   RO          870    i.DMA_GetCurrDataCounter  stm32f10x_dma.o
    0x08000e3c   0x0000003c   Code   RO          874    i.DMA_Init          stm32f10x_dma.o
    0x08000e78   0x00000004   Code   RO          875    i.DMA_SetCurrDataCounter  stm32f10x_dma.o
    0x08000e7c   0x00000002   Code   RO         3214    i.DebugMon_Handler  stm32f10x_it.o
    0x08000e7e   0x00000002   PAD
    0x08000e80   0x0000004c   Code   RO          997    i.FLASH_ErasePage   stm32f10x_flash.o
    0x08000ecc   0x00000034   Code   RO          998    i.FLASH_GetBank1Status  stm32f10x_flash.o
    0x08000f00   0x00000014   Code   RO         1007    i.FLASH_Lock        stm32f10x_flash.o
    0x08000f14   0x00000040   Code   RO         1010    i.FLASH_ProgramHalfWord  stm32f10x_flash.o
    0x08000f54   0x00000018   Code   RO         1015    i.FLASH_Unlock      stm32f10x_flash.o
    0x08000f6c   0x00000026   Code   RO         1019    i.FLASH_WaitForLastOperation  stm32f10x_flash.o
    0x08000f92   0x00000002   PAD
    0x08000f94   0x00000048   Code   RO         3590    i.GPIO_Configuration  lcd1602.o
    0x08000fdc   0x00000116   Code   RO         1292    i.GPIO_Init         stm32f10x_gpio.o
    0x080010f2   0x00000002   PAD
    0x080010f4   0x00000090   Code   RO         1294    i.GPIO_PinRemapConfig  stm32f10x_gpio.o
    0x08001184   0x00000012   Code   RO         1296    i.GPIO_ReadInputDataBit  stm32f10x_gpio.o
    0x08001196   0x00000004   Code   RO         1299    i.GPIO_ResetBits    stm32f10x_gpio.o
    0x0800119a   0x00000004   Code   RO         1300    i.GPIO_SetBits      stm32f10x_gpio.o
    0x0800119e   0x00000004   Code   RO         1302    i.GPIO_Write        stm32f10x_gpio.o
    0x080011a2   0x00000002   PAD
    0x080011a4   0x00000020   Code   RO         3526    i.GetMoterpluse     balance.o
    0x080011c4   0x00000034   Code   RO         3797    i.Get_Adc           adc.o
    0x080011f8   0x0000002e   Code   RO         3798    i.Get_Adc_Average   adc.o
    0x08001226   0x00000004   Code   RO         3215    i.HardFault_Handler  stm32f10x_it.o
    0x0800122a   0x00000002   PAD
    0x0800122c   0x0000009c   Code   RO         3563    i.KEY_Init          key.o
    0x080012c8   0x000000a0   Code   RO         3564    i.KEY_Scan          key.o
    0x08001368   0x0000000a   Code   RO         3591    i.LCD1602_ClearScreen  lcd1602.o
    0x08001372   0x0000001c   Code   RO         3592    i.LCD1602_Init      lcd1602.o
    0x0800138e   0x0000001c   Code   RO         3593    i.LCD1602_Set_Cursor  lcd1602.o
    0x080013aa   0x00000022   Code   RO         3594    i.LCD1602_Show_Str  lcd1602.o
    0x080013cc   0x00000050   Code   RO         3595    i.LCD1602_Wait_Ready  lcd1602.o
    0x0800141c   0x0000003c   Code   RO         3596    i.LCD1602_Write_Cmd  lcd1602.o
    0x08001458   0x0000003c   Code   RO         3597    i.LCD1602_Write_Dat  lcd1602.o
    0x08001494   0x0000009c   Code   RO         3598    i.LCDshowNum        lcd1602.o
    0x08001530   0x00000048   Code   RO         3282    i.LED_GPIO_Config   bsp_led.o
    0x08001578   0x00000004   Code   RO         3216    i.MemManage_Handler  stm32f10x_it.o
    0x0800157c   0x000000e0   Code   RO         3527    i.Moteroutput       balance.o
    0x0800165c   0x00000002   Code   RO         3217    i.NMI_Handler       stm32f10x_it.o
    0x0800165e   0x00000028   Code   RO         3766    i.NVIC_Configuration  bsp_usart2.o
    0x08001686   0x00000002   PAD
    0x08001688   0x00000070   Code   RO          137    i.NVIC_Init         misc.o
    0x080016f8   0x00000014   Code   RO          138    i.NVIC_PriorityGroupConfig  misc.o
    0x0800170c   0x00000002   Code   RO         3218    i.PendSV_Handler    stm32f10x_it.o
    0x0800170e   0x00000002   PAD
    0x08001710   0x00000018   Code   RO         1706    i.RCC_ADCCLKConfig  stm32f10x_rcc.o
    0x08001728   0x00000020   Code   RO         1707    i.RCC_AHBPeriphClockCmd  stm32f10x_rcc.o
    0x08001748   0x00000020   Code   RO         1708    i.RCC_APB1PeriphClockCmd  stm32f10x_rcc.o
    0x08001768   0x00000020   Code   RO         1709    i.RCC_APB1PeriphResetCmd  stm32f10x_rcc.o
    0x08001788   0x00000020   Code   RO         1710    i.RCC_APB2PeriphClockCmd  stm32f10x_rcc.o
    0x080017a8   0x00000020   Code   RO         1711    i.RCC_APB2PeriphResetCmd  stm32f10x_rcc.o
    0x080017c8   0x000000d4   Code   RO         1718    i.RCC_GetClocksFreq  stm32f10x_rcc.o
    0x0800189c   0x00000074   Code   RO         3565    i.ReScan            key.o
    0x08001910   0x00000022   Code   RO         3820    i.STMFLASH_Read     stm_flash.o
    0x08001932   0x00000006   Code   RO         3821    i.STMFLASH_ReadHalfWord  stm_flash.o
    0x08001938   0x000000e8   Code   RO         3822    i.STMFLASH_Write    stm_flash.o
    0x08001a20   0x00000026   Code   RO         3823    i.STMFLASH_Write_NoCheck  stm_flash.o
    0x08001a46   0x00000002   Code   RO         3219    i.SVC_Handler       stm32f10x_it.o
    0x08001a48   0x00000008   Code   RO           24    i.SetSysClock       system_stm32f10x.o
    0x08001a50   0x000000e0   Code   RO           25    i.SetSysClockTo72   system_stm32f10x.o
    0x08001b30   0x00000028   Code   RO          141    i.SysTick_CLKSourceConfig  misc.o
    0x08001b58   0x00000028   Code   RO         3220    i.SysTick_Handler   stm32f10x_it.o
    0x08001b80   0x00000060   Code   RO           27    i.SystemInit        system_stm32f10x.o
    0x08001be0   0x00000080   Code   RO         2326    i.TI1_Config        stm32f10x_tim.o
    0x08001c60   0x00000098   Code   RO         2327    i.TI2_Config        stm32f10x_tim.o
    0x08001cf8   0x00000090   Code   RO         2328    i.TI3_Config        stm32f10x_tim.o
    0x08001d88   0x00000098   Code   RO         2329    i.TI4_Config        stm32f10x_tim.o
    0x08001e20   0x0000003a   Code   RO         3108    i.TIM2_Config       main.o
    0x08001e5a   0x00000002   PAD
    0x08001e5c   0x00000120   Code   RO         3109    i.TIM2_IRQHandler   main.o
    0x08001f7c   0x00000028   Code   RO         3110    i.TIM2_NVIC_Config  main.o
    0x08001fa4   0x00000018   Code   RO         3659    i.TIM4_IRQHandler   encode.o
    0x08001fbc   0x00000008   Code   RO         3660    i.TIM4_Init         encode.o
    0x08001fc4   0x000000c4   Code   RO         3661    i.TIM4_Mode_Config  encode.o
    0x08002088   0x00000018   Code   RO         2330    i.TIM_ARRPreloadConfig  stm32f10x_tim.o
    0x080020a0   0x00000006   Code   RO         2336    i.TIM_ClearFlag     stm32f10x_tim.o
    0x080020a6   0x00000006   Code   RO         2337    i.TIM_ClearITPendingBit  stm32f10x_tim.o
    0x080020ac   0x00000018   Code   RO         2342    i.TIM_Cmd           stm32f10x_tim.o
    0x080020c4   0x000001e8   Code   RO         2347    i.TIM_DeInit        stm32f10x_tim.o
    0x080022ac   0x00000042   Code   RO         2351    i.TIM_EncoderInterfaceConfig  stm32f10x_tim.o
    0x080022ee   0x00000022   Code   RO         2363    i.TIM_GetITStatus   stm32f10x_tim.o
    0x08002310   0x000000ac   Code   RO         2365    i.TIM_ICInit        stm32f10x_tim.o
    0x080023bc   0x00000012   Code   RO         2366    i.TIM_ICStructInit  stm32f10x_tim.o
    0x080023ce   0x00000012   Code   RO         2367    i.TIM_ITConfig      stm32f10x_tim.o
    0x080023e0   0x00000098   Code   RO         2371    i.TIM_OC1Init       stm32f10x_tim.o
    0x08002478   0x00000012   Code   RO         2374    i.TIM_OC1PreloadConfig  stm32f10x_tim.o
    0x0800248a   0x00000002   PAD
    0x0800248c   0x000000a4   Code   RO         2376    i.TIM_OC2Init       stm32f10x_tim.o
    0x08002530   0x0000001a   Code   RO         2379    i.TIM_OC2PreloadConfig  stm32f10x_tim.o
    0x0800254a   0x00000002   PAD
    0x0800254c   0x000000a0   Code   RO         2381    i.TIM_OC3Init       stm32f10x_tim.o
    0x080025ec   0x00000012   Code   RO         2384    i.TIM_OC3PreloadConfig  stm32f10x_tim.o
    0x080025fe   0x00000002   PAD
    0x08002600   0x0000007c   Code   RO         2386    i.TIM_OC4Init       stm32f10x_tim.o
    0x0800267c   0x0000001a   Code   RO         2388    i.TIM_OC4PreloadConfig  stm32f10x_tim.o
    0x08002696   0x00000012   Code   RO         2408    i.TIM_SetIC1Prescaler  stm32f10x_tim.o
    0x080026a8   0x0000001a   Code   RO         2409    i.TIM_SetIC2Prescaler  stm32f10x_tim.o
    0x080026c2   0x00000012   Code   RO         2410    i.TIM_SetIC3Prescaler  stm32f10x_tim.o
    0x080026d4   0x0000001a   Code   RO         2411    i.TIM_SetIC4Prescaler  stm32f10x_tim.o
    0x080026ee   0x00000002   PAD
    0x080026f0   0x000000a4   Code   RO         2413    i.TIM_TimeBaseInit  stm32f10x_tim.o
    0x08002794   0x0000005c   Code   RO         3486    i.TIMx_GPIO_Config  bsp_pwm_output.o
    0x080027f0   0x000000b8   Code   RO         3487    i.TIMx_Mode_Config  bsp_pwm_output.o
    0x080028a8   0x0000000c   Code   RO         3488    i.TIMx_PWM_Init     bsp_pwm_output.o
    0x080028b4   0x000000e8   Code   RO         3221    i.USART1_IRQHandler  stm32f10x_it.o
    0x0800299c   0x00000012   Code   RO         2874    i.USART_ClearFlag   stm32f10x_usart.o
    0x080029ae   0x00000018   Code   RO         2878    i.USART_Cmd         stm32f10x_usart.o
    0x080029c6   0x00000012   Code   RO         2879    i.USART_DMACmd      stm32f10x_usart.o
    0x080029d8   0x0000001a   Code   RO         2881    i.USART_GetFlagStatus  stm32f10x_usart.o
    0x080029f2   0x00000054   Code   RO         2882    i.USART_GetITStatus  stm32f10x_usart.o
    0x08002a46   0x0000004a   Code   RO         2884    i.USART_ITConfig    stm32f10x_usart.o
    0x08002a90   0x000000d8   Code   RO         2885    i.USART_Init        stm32f10x_usart.o
    0x08002b68   0x00000008   Code   RO         2895    i.USART_SendData    stm32f10x_usart.o
    0x08002b70   0x0000008c   Code   RO         3313    i.USARTx_Config     bsp_usart1.o
    0x08002bfc   0x0000011c   Code   RO         3767    i.USARTx_Config_2   bsp_usart2.o
    0x08002d18   0x00000004   Code   RO         3222    i.UsageFault_Handler  stm32f10x_it.o
    0x08002d1c   0x0000001e   Code   RO         3314    i.Usart_SendByte    bsp_usart1.o
    0x08002d3a   0x00000028   Code   RO         4187    i.__ARM_fpclassify  m_ws.l(fpclassify.o)
    0x08002d62   0x000000aa   Code   RO         4189    i.__kernel_poly     m_ws.l(poly.o)
    0x08002e0c   0x00000010   Code   RO         4173    i.__mathlib_dbl_divzero  m_ws.l(dunder.o)
    0x08002e1c   0x00000004   Code   RO         4175    i.__mathlib_dbl_infnan2  m_ws.l(dunder.o)
    0x08002e20   0x0000000c   Code   RO         4176    i.__mathlib_dbl_invalid  m_ws.l(dunder.o)
    0x08002e2c   0x0000000e   Code   RO         4177    i.__mathlib_dbl_overflow  m_ws.l(dunder.o)
    0x08002e3a   0x00000002   PAD
    0x08002e3c   0x00000010   Code   RO         4179    i.__mathlib_dbl_underflow  m_ws.l(dunder.o)
    0x08002e4c   0x0000000e   Code   RO         4251    i.__scatterload_copy  mc_w.l(handlers.o)
    0x08002e5a   0x00000002   Code   RO         4252    i.__scatterload_null  mc_w.l(handlers.o)
    0x08002e5c   0x0000000e   Code   RO         4253    i.__scatterload_zeroinit  mc_w.l(handlers.o)
    0x08002e6a   0x00000002   PAD
    0x08002e6c   0x0000000c   Code   RO         4227    i.__set_errno       mc_w.l(errno.o)
    0x08002e78   0x000001c8   Code   RO         3528    i.currentpid        balance.o
    0x08003040   0x00000044   Code   RO         3688    i.delay_init        delay.o
    0x08003084   0x0000004c   Code   RO         3689    i.delay_ms          delay.o
    0x080030d0   0x0000004c   Code   RO         3690    i.delay_us          delay.o
    0x0800311c   0x0000076c   Code   RO         3111    i.main              main.o
    0x08003888   0x000009b8   Code   RO         3864    i.pow               m_ws.l(pow.o)
    0x08004240   0x0000016c   Code   RO         3529    i.speedpid          balance.o
    0x080043ac   0x0000004c   Code   RO         4193    i.sqrt              m_ws.l(sqrt.o)
    0x080043f8   0x00000020   Code   RO         3319    i.uart_putbuff      bsp_usart1.o
    0x08004418   0x0000000c   Code   RO         3489    i.vMotoXPwmOutleft  bsp_pwm_output.o
    0x08004424   0x0000000c   Code   RO         3490    i.vMotoXPwmOutleftright  bsp_pwm_output.o
    0x08004430   0x0000000c   Code   RO         3491    i.vMotoXPwmOutright  bsp_pwm_output.o
    0x0800443c   0x00000034   Code   RO         3320    i.vcan_sendware     bsp_usart1.o
    0x08004470   0x00000088   Data   RO         3865    .constdata          m_ws.l(pow.o)
    0x080044f8   0x00000008   Data   RO         4191    .constdata          m_ws.l(qnan.o)
    0x08004500   0x00000020   Data   RO         4249    Region$$Table       anon$$obj.o


    Execution Region RW_IRAM1 (Base: 0x20000000, Size: 0x00000dd0, Max: 0x00010000, ABSOLUTE, COMPRESSED[0x000000a4])

    Base Addr    Size         Type   Attr      Idx    E Section Name        Object

    0x20000000   0x00000014   Data   RW           28    .data               system_stm32f10x.o
    0x20000014   0x00000014   Data   RW         1738    .data               stm32f10x_rcc.o
    0x20000028   0x00000086   Data   RW         3112    .data               main.o
    0x200000ae   0x00000002   PAD
    0x200000b0   0x00000008   Data   RW         3223    .data               stm32f10x_it.o
    0x200000b8   0x0000004c   Data   RW         3531    .data               balance.o
    0x20000104   0x00000040   Data   RW         3566    .data               key.o
    0x20000144   0x00000004   Data   RW         3691    .data               delay.o
    0x20000148   0x00000004   Data   RW         3826    .data               stm_flash.o
    0x2000014c   0x00000004   Data   RW         4228    .data               mc_w.l(errno.o)
    0x20000150   0x00000080   Zero   RW         3768    .bss                bsp_usart2.o
    0x200001d0   0x00000800   Zero   RW         3825    .bss                stm_flash.o
    0x200009d0   0x00000400   Zero   RW            1    STACK               startup_stm32f10x_hd.o


==============================================================================

Image component sizes


      Code (inc. data)   RO Data    RW Data    ZI Data      Debug   Object Name

       238         14          0          0          0       1735   adc.o
      1076        154          0         76          0       3788   balance.o
        72          4          0          0          0        530   bsp_led.o
       324         32          0          0          0       3319   bsp_pwm_output.o
       254         22          0          0          0       2679   bsp_usart1.o
       324         18          0          0        128       1816   bsp_usart2.o
         0          0          0          0          0       4504   core_cm3.o
       220         26          0          4          0       1743   delay.o
       228         12          0          0          0       1582   encode.o
       432         16          0         64          0       2686   key.o
       528         38          0          0          0       5328   lcd1602.o
      2286        242          0        134          0       4775   main.o
       172         22          0          0          0       2121   misc.o
        36          8        304          0       1024        872   startup_stm32f10x_hd.o
       486         24          0          0          0       8686   stm32f10x_adc.o
       428          8          0          0          0       4624   stm32f10x_dma.o
       274         30          0          0          0       3482   stm32f10x_flash.o
       452          6          0          0          0       5099   stm32f10x_gpio.o
       296         32          0          8          0       5379   stm32f10x_it.o
       396         56          0         20          0       6811   stm32f10x_rcc.o
      2372        264          0          0          0      18167   stm32f10x_tim.o
       468          6          0          0          0       6858   stm32f10x_usart.o
       310         10          0          4       2048       3368   stm_flash.o
       328         28          0         20          0     276153   system_stm32f10x.o

    ----------------------------------------------------------------------
     12030       1072        336        332       3200     376105   Object Totals
         0          0         32          0          0          0   (incl. Generated)
        30          0          0          2          0          0   (incl. Padding)

    ----------------------------------------------------------------------

      Code (inc. data)   RO Data    RW Data    ZI Data      Debug   Library Member Name

        62         10          0          0          0        340   dunder.o
        40          0          0          0          0         68   fpclassify.o
       170          0          0          0          0         96   poly.o
      2488        190        136          0          0        300   pow.o
         0          0          8          0          0          0   qnan.o
        76          0          0          0          0         84   sqrt.o
        86          0          0          0          0          0   __dczerorl2.o
         0          0          0          0          0          0   entry.o
         0          0          0          0          0          0   entry10a.o
         0          0          0          0          0          0   entry11a.o
         8          4          0          0          0          0   entry2.o
         4          0          0          0          0          0   entry5.o
         0          0          0          0          0          0   entry7b.o
         0          0          0          0          0          0   entry8b.o
         8          4          0          0          0          0   entry9a.o
        12          6          0          4          0         68   errno.o
        30          0          0          0          0          0   handlers.o
        36          8          0          0          0         68   init.o
         0          0          0          0          0          0   iusefp.o
        30          0          0          0          0         68   llshl.o
        36          0          0          0          0         68   llsshr.o
        32          0          0          0          0         68   llushr.o
        14          0          0          0          0         68   strlen.o
        48          0          0          0          0         68   cdrcmple.o
        20          0          0          0          0         68   cfcmple.o
        20          0          0          0          0         68   cfrcmple.o
        56          0          0          0          0         88   d2f.o
       334          0          0          0          0        148   dadd.o
       222          0          0          0          0        100   ddiv.o
       186          0          0          0          0        176   depilogue.o
        34          0          0          0          0         76   dflti.o
        26          0          0          0          0         76   dfltui.o
       228          0          0          0          0         96   dmul.o
        46          0          0          0          0         80   dscalb.o
       162          0          0          0          0        100   dsqrt.o
        38          0          0          0          0         68   f2d.o
       176          0          0          0          0        140   fadd.o
       124          0          0          0          0         88   fdiv.o
       110          0          0          0          0        168   fepilogue.o
        50          0          0          0          0         68   ffixi.o
        40          0          0          0          0         68   ffixui.o
        18          0          0          0          0         68   fflti.o
        10          0          0          0          0         68   ffltui.o
       100          0          0          0          0         76   fmul.o

    ----------------------------------------------------------------------
      5186        222        144          4          0       3252   Library Totals
         6          0          0          0          0          0   (incl. Padding)

    ----------------------------------------------------------------------

      Code (inc. data)   RO Data    RW Data    ZI Data      Debug   Library Name

      2836        200        144          0          0        888   m_ws.l
       296         22          0          4          0        408   mc_w.l
      2048          0          0          0          0       1956   mf_w.l

    ----------------------------------------------------------------------
      5186        222        144          4          0       3252   Library Totals

    ----------------------------------------------------------------------

==============================================================================


      Code (inc. data)   RO Data    RW Data    ZI Data      Debug   

     17216       1294        480        336       3200     371165   Grand Totals
     17216       1294        480        164       3200     371165   ELF Image Totals (compressed)
     17216       1294        480        164          0          0   ROM Totals

==============================================================================

    Total RO  Size (Code + RO Data)                17696 (  17.28kB)
    Total RW  Size (RW Data + ZI Data)              3536 (   3.45kB)
    Total ROM Size (Code + RO Data + RW Data)      17860 (  17.44kB)

==============================================================================

